Archive member included because of file (symbol)

contiki-z1.a(contiki-z1-plat)
                              obj_z1/contiki-z1-main.o (init_platform)
contiki-z1.a(msp430.o)        obj_z1/contiki-z1-main.o (splhigh_)
contiki-z1.a(leds.o)          obj_z1/contiki-z1-main.o (leds_init)
contiki-z1.a(watchdog.o)      obj_z1/contiki-z1-main.o (watchdog_start)
contiki-z1.a(xmem.o)          obj_z1/contiki-z1-main.o (xmem_init)
contiki-z1.a(spi.o)           contiki-z1.a(xmem.o) (spi_init)
contiki-z1.a(cc2420.o)        obj_z1/contiki-z1-main.o (cc2420_set_pan_addr)
contiki-z1.a(cc2420-arch.o)   contiki-z1.a(cc2420.o) (cc2420_arch_init)
contiki-z1.a(node-id.o)       obj_z1/contiki-z1-main.o (node_id_restore)
contiki-z1.a(sensors.o)       contiki-z1.a(contiki-z1-plat) (sensors_process)
contiki-z1.a(uart0.o)         obj_z1/contiki-z1-main.o (uart0_active)
contiki-z1.a(uart0-putchar.o)
                              obj_z1/Arbol_lib.o (putchar)
contiki-z1.a(z1-sensors.o)    contiki-z1.a(sensors.o) (sensors_flags)
contiki-z1.a(adxl345.o)       obj_z1/contiki-z1-main.o (adxl345)
contiki-z1.a(tmp102.o)        contiki-z1.a(z1-sensors.o) (tmp102)
contiki-z1.a(clock.o)         obj_z1/contiki-z1-main.o (clock_init)
contiki-z1.a(leds-arch.o)     contiki-z1.a(leds.o) (leds_arch_init)
contiki-z1.a(rtimer-arch.o)   obj_z1/contiki-z1-main.o (rtimer_arch_now)
contiki-z1.a(autostart.o)     obj_z1/contiki-z1-main.o (autostart_start)
contiki-z1.a(energest.o)      obj_z1/contiki-z1-main.o (energest_init)
contiki-z1.a(etimer.o)        contiki-z1.a(clock.o) (etimer_request_poll)
contiki-z1.a(ctimer.o)        obj_z1/contiki-z1-main.o (ctimer_init)
contiki-z1.a(process.o)       contiki-z1.a(etimer.o) (process_current)
contiki-z1.a(rtimer.o)        obj_z1/contiki-z1-main.o (rtimer_init)
contiki-z1.a(timer.o)         contiki-z1.a(adxl345.o) (timer_set)
contiki-z1.a(serial-line.o)   obj_z1/contiki-z1-main.o (serial_line_input_byte)
contiki-z1.a(list.o)          contiki-z1.a(ctimer.o) (list_init)
contiki-z1.a(memb.o)          obj_z1/Arbol_lib.o (memb_alloc)
contiki-z1.a(random.o)        obj_z1/contiki-z1-main.o (random_init)
contiki-z1.a(ringbuf.o)       contiki-z1.a(serial-line.o) (ringbuf_init)
contiki-z1.a(rime.o)          obj_z1/contiki-z1-main.o (rime_driver)
contiki-z1.a(broadcast-annou)
                              contiki-z1.a(rime.o) (broadcast_announcement_init)
contiki-z1.a(broadcast.o)     Arbol_rssi.co (broadcast_open)
contiki-z1.a(chameleon.o)     contiki-z1.a(rime.o) (chameleon_init)
contiki-z1.a(channel.o)       contiki-z1.a(chameleon.o) (channel_init)
contiki-z1.a(abc.o)           contiki-z1.a(broadcast.o) (abc_open)
contiki-z1.a(announcement.o)  contiki-z1.a(rime.o) (announcement_init)
contiki-z1.a(queuebuf.o)      contiki-z1.a(rime.o) (queuebuf_init)
contiki-z1.a(packetbuf.o)     contiki-z1.a(cc2420.o) (packetbuf_set_datalen)
contiki-z1.a(linkaddr.o)      obj_z1/Arbol_lib.o (linkaddr_copy)
contiki-z1.a(csma.o)          obj_z1/contiki-z1-main.o (csma_driver)
contiki-z1.a(mac.o)           contiki-z1.a(csma.o) (mac_call_sent_callback)
contiki-z1.a(contikimac.o)    obj_z1/contiki-z1-main.o (contikimac_driver)
contiki-z1.a(contikimac-fram)
                              contiki-z1.a(contikimac.o) (contikimac_framer)
contiki-z1.a(nullsec.o)       obj_z1/contiki-z1-main.o (nullsec_driver)
contiki-z1.a(i2cmaster.o)     contiki-z1.a(adxl345.o) (i2c_receiveinit)
contiki-z1.a(button-sensor.o)
                              contiki-z1.a(z1-sensors.o) (button_sensor)
contiki-z1.a(compower.o)      contiki-z1.a(contikimac.o) (compower_accumulate)
contiki-z1.a(chameleon-bitop)
                              contiki-z1.a(chameleon.o) (chameleon_bitopt)
contiki-z1.a(mac-sequence.o)  contiki-z1.a(contikimac.o) (mac_sequence_is_duplicate)
contiki-z1.a(framer-802154.o)
                              contiki-z1.a(contikimac-fram) (framer_802154)
contiki-z1.a(frame802154.o)   contiki-z1.a(framer-802154.o) (frame802154_get_pan_id)
/usr/lib/gcc/msp430/4.6.3/mcpu-430x/mmpy-16/libgcc.a(_mulsi3.o)
                              contiki-z1.a(csma.o) (__mulsi3)
/usr/lib/gcc/msp430/4.6.3/mcpu-430x/mmpy-16/libgcc.a(_udivmod16.o)
                              Arbol_rssi.co (__umodhi3)
/usr/lib/gcc/msp430/4.6.3/mcpu-430x/mmpy-16/libgcc.a(_divmod16.o)
                              obj_z1/tree_n_ary.o (__divhi3)
/usr/lib/gcc/msp430/4.6.3/mcpu-430x/mmpy-16/libgcc.a(_udivmod32.o)
                              Arbol_rssi.co (__udivsi3)
/usr/lib/gcc/msp430/4.6.3/../../../../msp430/lib/mcpu-430x/mmpy-16/libc.a(strncmp.o)
                              contiki-z1.a(sensors.o) (strncmp)
/usr/lib/gcc/msp430/4.6.3/../../../../msp430/lib/mcpu-430x/mmpy-16/libc.a(memcmp.o)
                              contiki-z1.a(linkaddr.o) (memcmp)
/usr/lib/gcc/msp430/4.6.3/../../../../msp430/lib/mcpu-430x/mmpy-16/libc.a(memcpy.o)
                              contiki-z1.a(node-id.o) (memcpy)
/usr/lib/gcc/msp430/4.6.3/../../../../msp430/lib/mcpu-430x/mmpy-16/libc.a(memset.o)
[...]
Memory Configuration

Name             Origin             Length             Attributes
sfr              0x0000000000000000 0x0000000000000010
peripheral_8bit  0x0000000000000010 0x00000000000000f0
peripheral_16bit 0x0000000000000100 0x0000000000000100
ram_mirror       0x0000000000000200 0x0000000000000800 xw
infomem          0x0000000000001000 0x0000000000000100
infod            0x0000000000001000 0x0000000000000040
infoc            0x0000000000001040 0x0000000000000040
infob            0x0000000000001080 0x0000000000000040
infoa            0x00000000000010c0 0x0000000000000040
ram              0x0000000000001100 0x0000000000002000 xw
rom              0x0000000000003100 0x000000000000cebe xr
vectors          0x000000000000ffc0 0x0000000000000040
far_rom          0x0000000000010000 0x000000000000a000
bsl              0x0000000000000000 0x0000000000000000
ram2             0x0000000000000000 0x0000000000000000 xw
usbram           0x0000000000000000 0x0000000000000000 xw
*default*        0x0000000000000000 0xffffffffffffffff

Linker script and memory map

LOAD /usr/lib/gcc/msp430/4.6.3/mcpu-430x/mmpy-16/crt0ivtbl32.o
                0x0000000000000041                __P1SEL2 = 0x41
                0x0000000000000045                __P5SEL2 = 0x45
LOAD Arbol_rssi.co
LOAD obj_z1/Arbol_lib.o
LOAD obj_z1/tree_n_ary.o
LOAD obj_z1/contiki-z1-main.o
LOAD contiki-z1.a
LOAD /usr/lib/gcc/msp430/4.6.3/mcpu-430x/mmpy-16/libgcc.a
LOAD /usr/lib/gcc/msp430/4.6.3/../../../../msp430/lib/mcpu-430x/mmpy-16/libc.a
LOAD /usr/lib/gcc/msp430/4.6.3/mcpu-430x/mmpy-16/libgcc.a
LOAD /usr/lib/gcc/msp430/4.6.3/mcpu-430x/mmpy-16/libcrt0.a
                0x0000000000000040                PROVIDE (__info_segment_size, 0x40)
                0x0000000000001000                PROVIDE (__infod, 0x1000)
                0x0000000000001040                PROVIDE (__infoc, 0x1040)
                0x0000000000001080                PROVIDE (__infob, 0x1080)
                0x00000000000010c0                PROVIDE (__infoa, 0x10c0)
                0x0000000000000000                __IE1 = 0x0
                0x0000000000000002                __IFG1 = 0x2
                0x0000000000000001                __IE2 = 0x1
                0x0000000000000003                __IFG2 = 0x3
                0x0000000000000006                __UC1IE = 0x6
                0x0000000000000007                __UC1IFG = 0x7
                0x00000000000001a0                __ADC12CTL0 = 0x1a0
                0x00000000000001a2                __ADC12CTL1 = 0x1a2
                0x00000000000001a4                __ADC12IFG = 0x1a4
                0x00000000000001a6                __ADC12IE = 0x1a6
                0x00000000000001a8                __ADC12IV = 0x1a8
                0x0000000000000140                __ADC12MEM0 = 0x140
                0x0000000000000142                __ADC12MEM1 = 0x142
                0x0000000000000144                __ADC12MEM2 = 0x144
                0x0000000000000146                __ADC12MEM3 = 0x146
                0x0000000000000148                __ADC12MEM4 = 0x148
                0x000000000000014a                __ADC12MEM5 = 0x14a
                0x000000000000014c                __ADC12MEM6 = 0x14c
                0x000000000000014e                __ADC12MEM7 = 0x14e
                0x0000000000000150                __ADC12MEM8 = 0x150
                0x0000000000000152                __ADC12MEM9 = 0x152
                0x0000000000000154                __ADC12MEM10 = 0x154
                0x0000000000000156                __ADC12MEM11 = 0x156
                0x0000000000000158                __ADC12MEM12 = 0x158
                0x000000000000015a                __ADC12MEM13 = 0x15a
                0x000000000000015c                __ADC12MEM14 = 0x15c
                0x000000000000015e                __ADC12MEM15 = 0x15e
                0x0000000000000080                __ADC12MCTL0 = 0x80
                0x0000000000000081                __ADC12MCTL1 = 0x81
                0x0000000000000082                __ADC12MCTL2 = 0x82
                0x0000000000000083                __ADC12MCTL3 = 0x83
                0x0000000000000084                __ADC12MCTL4 = 0x84
                0x0000000000000085                __ADC12MCTL5 = 0x85
                0x0000000000000086                __ADC12MCTL6 = 0x86
                0x0000000000000087                __ADC12MCTL7 = 0x87
                0x0000000000000088                __ADC12MCTL8 = 0x88
                0x0000000000000089                __ADC12MCTL9 = 0x89
                0x000000000000008a                __ADC12MCTL10 = 0x8a
                0x000000000000008b                __ADC12MCTL11 = 0x8b
                0x000000000000008c                __ADC12MCTL12 = 0x8c
                0x000000000000008d                __ADC12MCTL13 = 0x8d
                0x000000000000008e                __ADC12MCTL14 = 0x8e
                0x000000000000008f                __ADC12MCTL15 = 0x8f
                0x0000000000000056                __DCOCTL = 0x56
                0x0000000000000057                __BCSCTL1 = 0x57
                0x0000000000000058                __BCSCTL2 = 0x58
                0x0000000000000053                __BCSCTL3 = 0x53
                0x0000000000000059                __CACTL1 = 0x59
                0x000000000000005a                __CACTL2 = 0x5a
                0x000000000000005b                __CAPD = 0x5b
                0x00000000000001c0                __DAC12_0CTL = 0x1c0
                0x00000000000001c2                __DAC12_1CTL = 0x1c2
                0x00000000000001c8                __DAC12_0DAT = 0x1c8
                0x00000000000001ca                __DAC12_1DAT = 0x1ca
                0x0000000000000122                __DMACTL0 = 0x122
                0x0000000000000124                __DMACTL1 = 0x124
                0x0000000000000126                __DMAIV = 0x126
                0x00000000000001d0                __DMA0CTL = 0x1d0
                0x00000000000001dc                __DMA1CTL = 0x1dc
                0x00000000000001e8                __DMA2CTL = 0x1e8
                0x00000000000001d2                __DMA0SA = 0x1d2
                0x00000000000001d2                __DMA0SAL = 0x1d2
                0x00000000000001d6                __DMA0DA = 0x1d6
                0x00000000000001d6                __DMA0DAL = 0x1d6
                0x00000000000001da                __DMA0SZ = 0x1da
                0x00000000000001de                __DMA1SA = 0x1de
                0x00000000000001de                __DMA1SAL = 0x1de
                0x00000000000001e2                __DMA1DA = 0x1e2
                0x00000000000001e2                __DMA1DAL = 0x1e2
                0x00000000000001e6                __DMA1SZ = 0x1e6
                0x00000000000001ea                __DMA2SA = 0x1ea
                0x00000000000001ea                __DMA2SAL = 0x1ea
                0x00000000000001ee                __DMA2DA = 0x1ee
                0x00000000000001ee                __DMA2DAL = 0x1ee
                0x00000000000001f2                __DMA2SZ = 0x1f2
                0x0000000000000128                __FCTL1 = 0x128
                0x000000000000012a                __FCTL2 = 0x12a
                0x000000000000012c                __FCTL3 = 0x12c
                0x00000000000001be                __FCTL4 = 0x1be
                0x0000000000000130                __MPY = 0x130
                0x0000000000000132                __MPYS = 0x132
                0x0000000000000134                __MAC = 0x134
                0x0000000000000136                __MACS = 0x136
                0x0000000000000138                __OP2 = 0x138
                0x000000000000013a                __RESLO = 0x13a
                0x000000000000013c                __RESHI = 0x13c
                0x000000000000013e                __SUMEXT = 0x13e
                0x0000000000000020                __P1IN = 0x20
                0x0000000000000021                __P1OUT = 0x21
                0x0000000000000022                __P1DIR = 0x22
                0x0000000000000023                __P1IFG = 0x23
                0x0000000000000024                __P1IES = 0x24
                0x0000000000000025                __P1IE = 0x25
                0x0000000000000026                __P1SEL = 0x26
                0x0000000000000027                __P1REN = 0x27
                0x0000000000000028                __P2IN = 0x28
                0x0000000000000029                __P2OUT = 0x29
                0x000000000000002a                __P2DIR = 0x2a
                0x000000000000002b                __P2IFG = 0x2b
                0x000000000000002c                __P2IES = 0x2c
                0x000000000000002d                __P2IE = 0x2d
                0x000000000000002e                __P2SEL = 0x2e
                0x000000000000002f                __P2REN = 0x2f
                0x0000000000000018                __P3IN = 0x18
                0x0000000000000019                __P3OUT = 0x19
                0x000000000000001a                __P3DIR = 0x1a
                0x000000000000001b                __P3SEL = 0x1b
                0x0000000000000010                __P3REN = 0x10
                0x000000000000001c                __P4IN = 0x1c
                0x000000000000001d                __P4OUT = 0x1d
                0x000000000000001e                __P4DIR = 0x1e
                0x000000000000001f                __P4SEL = 0x1f
                0x0000000000000011                __P4REN = 0x11
                0x0000000000000030                __P5IN = 0x30
                0x0000000000000031                __P5OUT = 0x31
                0x0000000000000032                __P5DIR = 0x32
                0x0000000000000033                __P5SEL = 0x33
                0x0000000000000012                __P5REN = 0x12
                0x0000000000000034                __P6IN = 0x34
                0x0000000000000035                __P6OUT = 0x35
                0x0000000000000036                __P6DIR = 0x36
                0x0000000000000037                __P6SEL = 0x37
                0x0000000000000013                __P6REN = 0x13
                0x0000000000000038                __P7IN = 0x38
                0x000000000000003a                __P7OUT = 0x3a
                0x000000000000003c                __P7DIR = 0x3c
                0x000000000000003e                __P7SEL = 0x3e
                0x0000000000000014                __P7REN = 0x14
                0x0000000000000039                __P8IN = 0x39
                0x000000000000003b                __P8OUT = 0x3b
                0x000000000000003d                __P8DIR = 0x3d
                0x000000000000003f                __P8SEL = 0x3f
                0x0000000000000015                __P8REN = 0x15
                0x0000000000000038                __PAIN = 0x38
                0x000000000000003a                __PAOUT = 0x3a
                0x000000000000003c                __PADIR = 0x3c
                0x000000000000003e                __PASEL = 0x3e
                0x0000000000000014                __PAREN = 0x14
                0x0000000000000055                __SVSCTL = 0x55
                0x000000000000012e                __TAIV = 0x12e
                0x0000000000000160                __TACTL = 0x160
                0x0000000000000162                __TACCTL0 = 0x162
                0x0000000000000164                __TACCTL1 = 0x164
                0x0000000000000166                __TACCTL2 = 0x166
                0x0000000000000170                __TAR = 0x170
                0x0000000000000172                __TACCR0 = 0x172
                0x0000000000000174                __TACCR1 = 0x174
                0x0000000000000176                __TACCR2 = 0x176
                0x000000000000011e                __TBIV = 0x11e
                0x0000000000000180                __TBCTL = 0x180
                0x0000000000000182                __TBCCTL0 = 0x182
                0x0000000000000184                __TBCCTL1 = 0x184
                0x0000000000000186                __TBCCTL2 = 0x186
                0x0000000000000188                __TBCCTL3 = 0x188
                0x000000000000018a                __TBCCTL4 = 0x18a
                0x000000000000018c                __TBCCTL5 = 0x18c
                0x000000000000018e                __TBCCTL6 = 0x18e
                0x0000000000000190                __TBR = 0x190
                0x0000000000000192                __TBCCR0 = 0x192
                0x0000000000000194                __TBCCR1 = 0x194
                0x0000000000000196                __TBCCR2 = 0x196
                0x0000000000000198                __TBCCR3 = 0x198
                0x000000000000019a                __TBCCR4 = 0x19a
                0x000000000000019c                __TBCCR5 = 0x19c
                0x000000000000019e                __TBCCR6 = 0x19e
                0x0000000000000060                __UCA0CTL0 = 0x60
                0x0000000000000061                __UCA0CTL1 = 0x61
                0x0000000000000062                __UCA0BR0 = 0x62
                0x0000000000000063                __UCA0BR1 = 0x63
                0x0000000000000064                __UCA0MCTL = 0x64
                0x0000000000000065                __UCA0STAT = 0x65
                0x0000000000000066                __UCA0RXBUF = 0x66
                0x0000000000000067                __UCA0TXBUF = 0x67
                0x000000000000005d                __UCA0ABCTL = 0x5d
                0x000000000000005e                __UCA0IRTCTL = 0x5e
                0x000000000000005f                __UCA0IRRCTL = 0x5f
                0x0000000000000068                __UCB0CTL0 = 0x68
                0x0000000000000069                __UCB0CTL1 = 0x69
                0x000000000000006a                __UCB0BR0 = 0x6a
                0x000000000000006b                __UCB0BR1 = 0x6b
                0x000000000000006c                __UCB0I2CIE = 0x6c
                0x000000000000006d                __UCB0STAT = 0x6d
                0x000000000000006e                __UCB0RXBUF = 0x6e
                0x000000000000006f                __UCB0TXBUF = 0x6f
                0x0000000000000118                __UCB0I2COA = 0x118
                0x000000000000011a                __UCB0I2CSA = 0x11a
                0x00000000000000d0                __UCA1CTL0 = 0xd0
                0x00000000000000d1                __UCA1CTL1 = 0xd1
                0x00000000000000d2                __UCA1BR0 = 0xd2
                0x00000000000000d3                __UCA1BR1 = 0xd3
                0x00000000000000d4                __UCA1MCTL = 0xd4
                0x00000000000000d5                __UCA1STAT = 0xd5
                0x00000000000000d6                __UCA1RXBUF = 0xd6
                0x00000000000000d7                __UCA1TXBUF = 0xd7
                0x00000000000000cd                __UCA1ABCTL = 0xcd
                0x00000000000000ce                __UCA1IRTCTL = 0xce
                0x00000000000000cf                __UCA1IRRCTL = 0xcf
                0x00000000000000d8                __UCB1CTL0 = 0xd8
                0x00000000000000d9                __UCB1CTL1 = 0xd9
                0x00000000000000da                __UCB1BR0 = 0xda
                0x00000000000000db                __UCB1BR1 = 0xdb
                0x00000000000000dc                __UCB1I2CIE = 0xdc
                0x00000000000000dd                __UCB1STAT = 0xdd
                0x00000000000000de                __UCB1RXBUF = 0xde
                0x00000000000000df                __UCB1TXBUF = 0xdf
                0x000000000000017c                __UCB1I2COA = 0x17c
                0x000000000000017e                __UCB1I2CSA = 0x17e
                0x0000000000000120                __WDTCTL = 0x120
                0x00000000000010c0                __TLV_CHECKSUM = 0x10c0
                0x00000000000010f6                __TLV_DCO_30_TAG = 0x10f6
                0x00000000000010f7                __TLV_DCO_30_LEN = 0x10f7
                0x00000000000010da                __TLV_ADC12_1_TAG = 0x10da
                0x00000000000010db                __TLV_ADC12_1_LEN = 0x10db
                0x00000000000010f8                __CALDCO_16MHZ = 0x10f8
                0x00000000000010f9                __CALBC1_16MHZ = 0x10f9
                0x00000000000010fa                __CALDCO_12MHZ = 0x10fa
                0x00000000000010fb                __CALBC1_12MHZ = 0x10fb
                0x00000000000010fc                __CALDCO_8MHZ = 0x10fc
                0x00000000000010fd                __CALBC1_8MHZ = 0x10fd
                0x00000000000010fe                __CALDCO_1MHZ = 0x10fe
                0x00000000000010ff                __CALBC1_1MHZ = 0x10ff

.hash
 *(.hash)

.dynsym
 *(.dynsym)

.dynstr
 *(.dynstr)

.gnu.version
 *(.gnu.version)

.gnu.version_d
 *(.gnu.version_d)

.gnu.version_r
 *(.gnu.version_r)

.rel.init
 *(.rel.init)

.rela.init
 *(.rela.init)

.rel.fini
 *(.rel.fini)

.rela.fini
 *(.rela.fini)

.rel.text
 *(.rel.text .rel.text.* .rel.gnu.linkonce.t.*)

.rela.text
 *(.rela.text .rela.text.* .rela.gnu.linkonce.t.*)

.rel.rodata
 *(.rel.rodata .rel.rodata.* .rel.gnu.linkonce.r.*)

.rela.rodata
 *(.rela.rodata .rela.rodata.* .rela.gnu.linkonce.r.*)

.rel.data
 *(.rel.data .rel.data.* .rel.gnu.linkonce.d.*)

.rela.data
 *(.rela.data .rela.data.* .rela.gnu.linkonce.d.*)

.rel.bss
 *(.rel.bss .rel.bss.* .rel.gnu.linkonce.b.*)

.rela.bss
 *(.rela.bss .rela.bss.* .rela.gnu.linkonce.b.*)

.rel.ctors
 *(.rel.ctors)

.rela.ctors
 *(.rela.ctors)

.rel.dtors
 *(.rel.dtors)

.rela.dtors
 *(.rela.dtors)

.rel.got
 *(.rel.got)

.rela.got
 *(.rela.got)

.rel.plt
 *(.rel.plt)

.rela.plt
 *(.rela.plt)

.text           0x0000000000003100     0x61a6
                0x0000000000003100                . = ALIGN (0x2)
 *(.init .init.*)
 *(.init0)
 .init0         0x0000000000003100        0x0 /usr/lib/gcc/msp430/4.6.3/mcpu-430x/mmpy-16/libcrt0.a(_reset_vector__.o)
                0x0000000000003100                _reset_vector__
 *(.init1)
 .init1         0x0000000000003100        0xc /usr/lib/gcc/msp430/4.6.3/mcpu-430x/mmpy-16/libcrt0.a(__watchdog_support.o)
                0x0000000000003100                __watchdog_support
 *(.init2)
 .init2         0x000000000000310c        0x4 /usr/lib/gcc/msp430/4.6.3/mcpu-430x/mmpy-16/libcrt0.a(__init_stack.o)
                0x000000000000310c                __init_stack
 *(.init3)
 .init3         0x0000000000003110        0x0 /usr/lib/gcc/msp430/4.6.3/mcpu-430x/mmpy-16/libcrt0.a(__low_level_init.o)
                0x0000000000003110                __low_level_init
 *(.init4)
 .init4         0x0000000000003110       0x18 /usr/lib/gcc/msp430/4.6.3/mcpu-430x/mmpy-16/libcrt0.a(_copy_data.o)
                0x0000000000003110                __do_copy_data
 .init4         0x0000000000003128       0x16 /usr/lib/gcc/msp430/4.6.3/mcpu-430x/mmpy-16/libcrt0.a(_clear_bss.o)
                0x0000000000003128                __do_clear_bss
 *(.init5)
 *(.init6)
 *(.init7)
 *(.init8)
 *(.init9)
 .init9         0x000000000000313e      0x2ee obj_z1/contiki-z1-main.o
                0x000000000000313e                main
 *(.fini9)
 .fini9         0x000000000000342c        0x0 /usr/lib/gcc/msp430/4.6.3/mcpu-430x/mmpy-16/libcrt0.a(__stop_progExec__.o)
                0x000000000000342c                __stop_progExec__
 *(.fini8)
 *(.fini7)
 *(.fini6)
 *(.fini5)
 *(.fini4)
 *(.fini3)
 *(.fini2)
 *(.fini1)
 *(.fini0)
 .fini0         0x000000000000342c        0x6 /usr/lib/gcc/msp430/4.6.3/mcpu-430x/mmpy-16/libcrt0.a(_endless_loop__.o)
                0x000000000000342c                _endless_loop__
 *(.fini .fini.*)
                0x0000000000003432                . = ALIGN (0x2)
                0x0000000000003432                __ctors_start = .
 *(.ctors)
                0x0000000000003432                __ctors_end = .
                0x0000000000003432                __dtors_start = .
 *(.dtors)
                0x0000000000003432                __dtors_end = .
                0x0000000000003432                . = ALIGN (0x2)
 *(.text .text.* .gnu.linkonce.t.*)
 .text          0x0000000000003432        0x4 /usr/lib/gcc/msp430/4.6.3/mcpu-430x/mmpy-16/crt0ivtbl32.o
                0x0000000000003432                __isr_14
                0x0000000000003432                __isr_4
                0x0000000000003432                __isr_29
                0x0000000000003432                __isr_11
                0x0000000000003432                __isr_5
                0x0000000000003432                __isr_2
                0x0000000000003432                __isr_10
                0x0000000000003432                __isr_7
                0x0000000000003432                __isr_0
                0x0000000000003432                __isr_28
                0x0000000000003432                __isr_8
                0x0000000000003432                __isr_20
                0x0000000000003432                __isr_3
                0x0000000000003432                __isr_12
                0x0000000000003432                __isr_13
                0x0000000000003432                __isr_27
                0x0000000000003432                __isr_9
                0x0000000000003432                __isr_30
                0x0000000000003432                __isr_6
                0x0000000000003432                __isr_22
                0x0000000000003432                __isr_1
                0x0000000000003432                __isr_15
                0x0000000000003432                __isr_21
 .text.crt0     0x0000000000003436        0x0 /usr/lib/gcc/msp430/4.6.3/mcpu-430x/mmpy-16/crt0ivtbl32.o
 .text          0x0000000000003436      0x18c Arbol_rssi.co
 .text          0x00000000000035c2      0x3a2 obj_z1/Arbol_lib.o
                0x00000000000035c2                print_rtx_table
                0x0000000000003602                llenar_beacon
                0x0000000000003616                print_beacon
                0x0000000000003630                cond_1_neighbor_discovery
                0x0000000000003646                print_select_table_parent
                0x0000000000003686                add_parent
                0x0000000000003718                update_parent
                0x00000000000037ae                set_unicast
                0x00000000000037be                set_message
                0x00000000000037d0                pop_serie
                0x00000000000037da                pop_one_to_one_msg_table
                0x00000000000037e4                pop_rtx
                0x00000000000037ee                add_one_to_one_msg_table
                0x0000000000003822                clear_rtx
                0x000000000000382e                clear_serie
                0x000000000000383a                clear_one_to_one_msg_table
                0x0000000000003846                add_rtx
                0x00000000000038d8                init_serie
                0x00000000000038ec                imprimir_serie
                0x000000000000390a                equal_serie
                0x0000000000003926                serie_list_add
                0x000000000000395a                generate_dst_random
 .text          0x0000000000003964      0x2e2 obj_z1/tree_n_ary.o
                0x0000000000003964                add_node
                0x000000000000399c                print_node_decendents
                0x00000000000039ee                search_forwarder
                0x0000000000003a38                print_all_list
                0x0000000000003a6a                eliminate_branch
                0x0000000000003aa6                add_sibling
                0x0000000000003ae6                add_child
                0x0000000000003b1e                guardar_nodo_str
                0x0000000000003b6a                serializar_V
                0x0000000000003bac                serializar
                0x0000000000003bbe                deserializacion_V
                0x0000000000003c0a                deserializacion
 .text          0x0000000000003c46        0x6 obj_z1/contiki-z1-main.o
                0x0000000000003c46                uip_log
 .text          0x0000000000003c4c        0xc contiki-z1.a(contiki-z1-plat)
                0x0000000000003c4c                init_platform
 .text          0x0000000000003c58       0xe8 contiki-z1.a(msp430.o)
                0x0000000000003c58                msp430_init_dco
                0x0000000000003c80                msp430_add_lpm_req
                0x0000000000003c8c                msp430_remove_lpm_req
                0x0000000000003c98                splhigh_
                0x0000000000003ca0                msp430_sync_dco
                0x0000000000003d12                msp430_cpu_init
 .text          0x0000000000003d40      0x146 contiki-z1.a(leds.o)
                0x0000000000003e2e                leds_init
                0x0000000000003e38                leds_get
                0x0000000000003e3e                leds_set
                0x0000000000003e44                leds_on
                0x0000000000003e4e                leds_off
                0x0000000000003e5c                leds_toggle
                0x0000000000003e66                leds_blink
 .text          0x0000000000003e86       0x5c contiki-z1.a(watchdog.o)
                0x0000000000003e86                __isr_26
                0x0000000000003e86                watchdog_interrupt
                0x0000000000003e8c                watchdog_start
                0x0000000000003ea0                watchdog_periodic
                0x0000000000003eb2                watchdog_stop
                0x0000000000003ec8                watchdog_init
                0x0000000000003edc                watchdog_reboot
 .text          0x0000000000003ee2      0x350 contiki-z1.a(xmem.o)
                0x0000000000003f5a                xmem_init
                0x0000000000003f78                xmem_pread
                0x0000000000004048                xmem_pwrite
                0x000000000000417c                xmem_erase
 .text          0x0000000000004232       0x38 contiki-z1.a(spi.o)
                0x0000000000004232                spi_init
 .text          0x000000000000426a      0xb94 contiki-z1.a(cc2420.o)
                0x00000000000046a0                cc2420_on
                0x00000000000046c2                cc2420_off
                0x00000000000048ec                cc2420_get_channel
                0x00000000000048f2                cc2420_set_channel
                0x000000000000492c                cc2420_set_pan_addr
                0x0000000000004978                cc2420_interrupt
                0x0000000000004990                cc2420_set_txpower
                0x000000000000499e                cc2420_get_txpower
                0x0000000000004afa                cc2420_rssi
                0x0000000000004c44                cc2420_set_cca_threshold
                0x0000000000004d0e                cc2420_init
 .text          0x0000000000004dfe       0x1a contiki-z1.a(cc2420-arch.o)
                0x0000000000004dfe                cc2420_arch_init
 .text          0x0000000000004e18       0x9a contiki-z1.a(node-id.o)
                0x0000000000004e18                node_id_restore
                0x0000000000004e64                node_id_burn
 .text          0x0000000000004eb2      0x158 contiki-z1.a(sensors.o)
                0x0000000000004f70                sensors_first
                0x0000000000004f76                sensors_next
                0x0000000000004fa2                sensors_changed
                0x0000000000004fcc                sensors_find
 .text          0x000000000000500a       0xe6 contiki-z1.a(uart0.o)
                0x000000000000500a                uart0_active
                0x0000000000005018                uart0_set_input
                0x000000000000501e                uart0_writeb
                0x0000000000005036                uart0_init
                0x000000000000508a                __isr_23
                0x000000000000508a                uart0_rx_interrupt
 .text          0x00000000000050f0       0x10 contiki-z1.a(uart0-putchar.o)
                0x00000000000050f0                putchar
 .text          0x0000000000005100        0x0 contiki-z1.a(z1-sensors.o)
 .text          0x0000000000005100      0x394 contiki-z1.a(adxl345.o)
                0x0000000000005214                accm_read_axis
                0x000000000000529a                accm_set_grange
                0x00000000000052ca                accm_init
                0x0000000000005340                accm_stop
                0x0000000000005398                accm_set_irq
                0x00000000000053d0                port1_isr
                0x00000000000053d0                __isr_18
 .text          0x0000000000005494      0x172 contiki-z1.a(tmp102.o)
                0x00000000000054a6                tmp102_init
                0x00000000000054ca                tmp102_stop
                0x00000000000054fc                tmp102_write_reg
                0x0000000000005534                tmp102_read_reg
                0x0000000000005594                tmp102_read_temp_raw
                0x000000000000559c                tmp102_read_temp_x100
                0x00000000000055f8                tmp102_read_temp_simple
 .text          0x0000000000005606      0x1e8 contiki-z1.a(clock.o)
                0x0000000000005606                __isr_24
                0x0000000000005606                timera1
                0x0000000000005710                clock_time
                0x000000000000572a                clock_set
                0x0000000000005740                clock_fine_max
                0x0000000000005746                clock_fine
                0x0000000000005752                clock_init
                0x000000000000577a                clock_delay
                0x0000000000005786                clock_wait
                0x00000000000057ae                clock_set_seconds
                0x00000000000057c6                clock_seconds
                0x00000000000057e0                clock_counter
 .text          0x00000000000057ee       0x78 contiki-z1.a(leds-arch.o)
                0x00000000000057ee                leds_arch_init
                0x00000000000057fc                leds_arch_get
                0x000000000000582c                leds_arch_set
 .text          0x0000000000005866       0x7e contiki-z1.a(rtimer-arch.o)
                0x0000000000005866                rtimer_arch_init
                0x0000000000005874                rtimer_arch_now
                0x0000000000005882                __isr_25
                0x0000000000005882                timera0
                0x00000000000058de                rtimer_arch_schedule
 .text          0x00000000000058e4       0x2a contiki-z1.a(autostart.o)
                0x00000000000058e4                autostart_start
                0x00000000000058fa                autostart_exit
 .text          0x000000000000590e       0xae contiki-z1.a(energest.o)
                0x000000000000590e                energest_init
                0x0000000000005936                energest_type_time
                0x0000000000005972                energest_leveldevice_leveltime
                0x0000000000005978                energest_type_set
                0x0000000000005984                energest_flush
 .text          0x00000000000059bc      0x270 contiki-z1.a(etimer.o)
                0x0000000000005a2c                etimer_request_poll
                0x0000000000005b36                etimer_set
                0x0000000000005b48                etimer_reset_with_new_interval
                0x0000000000005b66                etimer_reset
                0x0000000000005b78                etimer_restart
                0x0000000000005b8a                etimer_adjust
                0x0000000000005ba4                etimer_expired
                0x0000000000005bb2                etimer_expiration_time
                0x0000000000005bc6                etimer_start_time
                0x0000000000005bce                etimer_pending
                0x0000000000005bda                etimer_next_expiration_time
                0x0000000000005bf0                etimer_stop
 .text          0x0000000000005c2c      0x1c4 contiki-z1.a(ctimer.o)
                0x0000000000005cc8                ctimer_init
                0x0000000000005ce0                ctimer_set_with_process
                0x0000000000005d2e                ctimer_set
                0x0000000000005d3e                ctimer_reset
                0x0000000000005d6a                ctimer_restart
                0x0000000000005d96                ctimer_stop
                0x0000000000005dbe                ctimer_expired
 .text          0x0000000000005df0      0x282 contiki-z1.a(process.o)
                0x0000000000005ef0                process_alloc_event
                0x0000000000005efe                process_exit
                0x0000000000005f08                process_init
                0x0000000000005f24                process_run
                0x0000000000005fb0                process_nevents
                0x0000000000005fbe                process_post
                0x0000000000006008                process_post_synch
                0x000000000000601a                process_start
                0x000000000000604c                process_poll
                0x0000000000006064                process_is_running
 .text          0x0000000000006072       0x50 contiki-z1.a(rtimer.o)
                0x0000000000006072                rtimer_init
                0x0000000000006078                rtimer_set
                0x000000000000609c                rtimer_run_next
 .text          0x00000000000060c2       0x8c contiki-z1.a(timer.o)
                0x00000000000060c2                timer_set
                0x00000000000060de                timer_reset
                0x00000000000060ec                timer_restart
                0x0000000000006100                timer_expired
                0x000000000000612a                timer_remaining
 .text          0x000000000000614e      0x102 contiki-z1.a(serial-line.o)
                0x00000000000061ea                serial_line_input_byte
                0x0000000000006234                serial_line_init
 .text          0x0000000000006250       0xf6 contiki-z1.a(list.o)
                0x0000000000006250                list_init
                0x0000000000006256                list_head
                0x000000000000625a                list_copy
                0x0000000000006260                list_tail
                0x0000000000006272                list_chop
                0x0000000000006296                list_pop
                0x00000000000062a4                list_remove
                0x00000000000062d8                list_push
                0x00000000000062ee                list_add
                0x0000000000006314                list_length
                0x0000000000006324                list_insert
                0x000000000000633a                list_item_next
 .text          0x0000000000006346      0x102 contiki-z1.a(memb.o)
                0x0000000000006346                memb_init
                0x000000000000637c                memb_alloc
                0x00000000000063ba                memb_free
                0x00000000000063f4                memb_inmemb
                0x0000000000006422                memb_numfree
 .text          0x0000000000006448        0xc contiki-z1.a(random.o)
                0x0000000000006448                random_init
                0x000000000000644e                random_rand
 .text          0x0000000000006454       0x96 contiki-z1.a(ringbuf.o)
                0x0000000000006454                ringbuf_init
                0x0000000000006468                ringbuf_put
                0x00000000000064a0                ringbuf_get
                0x00000000000064d0                ringbuf_size
                0x00000000000064d8                ringbuf_elements
 .text          0x00000000000064ea       0xd8 contiki-z1.a(rime.o)
                0x0000000000006586                rime_sniffer_add
                0x0000000000006592                rime_sniffer_remove
                0x000000000000659e                rime_output
 .text          0x00000000000065c2      0x1c2 contiki-z1.a(broadcast-annou)
                0x0000000000006714                broadcast_announcement_init
                0x0000000000006758                broadcast_announcement_stop
                0x000000000000677a                broadcast_announcement_beacon_interval
 .text          0x0000000000006784       0x78 contiki-z1.a(broadcast.o)
                0x00000000000067ba                broadcast_open
                0x00000000000067dc                broadcast_close
                0x00000000000067e2                broadcast_send
 .text          0x00000000000067fc       0x38 contiki-z1.a(chameleon.o)
                0x00000000000067fc                chameleon_init
                0x0000000000006802                chameleon_parse
                0x0000000000006812                chameleon_create
                0x000000000000682e                chameleon_hdrsize
 .text          0x0000000000006834       0x66 contiki-z1.a(channel.o)
                0x0000000000006834                channel_init
                0x000000000000683e                channel_open
                0x000000000000684e                channel_close
                0x000000000000685a                channel_lookup
                0x000000000000687a                channel_set_attributes
 .text          0x000000000000689a       0x48 contiki-z1.a(abc.o)
                0x000000000000689a                abc_open
                0x00000000000068b8                abc_close
                0x00000000000068be                abc_send
                0x00000000000068c4                abc_input
                0x00000000000068d2                abc_sent
 .text          0x00000000000068e2      0x114 contiki-z1.a(announcement.o)
                0x00000000000068e2                announcement_init
                0x00000000000068ec                announcement_register
                0x0000000000006926                announcement_remove
                0x0000000000006932                announcement_remove_value
                0x0000000000006954                announcement_set_value
                0x000000000000697c                announcement_bump
                0x000000000000699e                announcement_listen
                0x00000000000069aa                announcement_register_listen_callback
                0x00000000000069b0                announcement_register_observer_callback
                0x00000000000069b6                announcement_list
                0x00000000000069c0                announcement_heard
 .text          0x00000000000069f6      0x13c contiki-z1.a(queuebuf.o)
                0x00000000000069f6                queuebuf_init
                0x0000000000006a08                queuebuf_numfree
                0x0000000000006a12                queuebuf_new_from_packetbuf
                0x0000000000006a60                queuebuf_update_attr_from_packetbuf
                0x0000000000006a72                queuebuf_update_from_packetbuf
                0x0000000000006a94                queuebuf_free
                0x0000000000006abe                queuebuf_to_packetbuf
                0x0000000000006af0                queuebuf_dataptr
                0x0000000000006b0c                queuebuf_datalen
                0x0000000000006b14                queuebuf_addr
                0x0000000000006b22                queuebuf_attr
                0x0000000000006b30                queuebuf_debug_print
 .text          0x0000000000006b32      0x1be contiki-z1.a(packetbuf.o)
                0x0000000000006b32                packetbuf_hdrreduce
                0x0000000000006b4c                packetbuf_set_datalen
                0x0000000000006b52                packetbuf_hdrptr
                0x0000000000006b58                packetbuf_datalen
                0x0000000000006b5e                packetbuf_hdrlen
                0x0000000000006b68                packetbuf_dataptr
                0x0000000000006b74                packetbuf_copyto
                0x0000000000006bae                packetbuf_compact
                0x0000000000006be4                packetbuf_totlen
                0x0000000000006bf0                packetbuf_hdralloc
                0x0000000000006c2a                packetbuf_remaininglen
                0x0000000000006c38                packetbuf_attr_clear
                0x0000000000006c64                packetbuf_clear
                0x0000000000006c76                packetbuf_copyfrom
                0x0000000000006ca0                packetbuf_attr_copyto
                0x0000000000006cc0                packetbuf_attr_copyfrom
                0x0000000000006ce2                packetbuf_holds_broadcast
 .text          0x0000000000006cf0       0x2a contiki-z1.a(linkaddr.o)
                0x0000000000006cf0                linkaddr_copy
                0x0000000000006cfc                linkaddr_cmp
                0x0000000000006d0e                linkaddr_set_node_addr
 .text          0x0000000000006d1a      0x392 contiki-z1.a(csma.o)
 .text          0x00000000000070ac       0x14 contiki-z1.a(mac.o)
                0x00000000000070ac                mac_call_sent_callback
 .text          0x00000000000070c0      0x652 contiki-z1.a(contikimac.o)
                0x000000000000770e                contikimac_debug_print
 .text          0x0000000000007712       0xae contiki-z1.a(contikimac-fram)
 .text          0x00000000000077c0       0x12 contiki-z1.a(nullsec.o)
 .text          0x00000000000077d2      0x1b2 contiki-z1.a(i2cmaster.o)
                0x00000000000077d2                i2c_setrate
                0x00000000000077d8                i2c_receiveinit
                0x0000000000007810                i2c_transmitinit
                0x0000000000007842                i2c_receive_n
                0x0000000000007886                i2c_busy
                0x0000000000007890                i2c_enable
                0x00000000000078b4                i2c_disable
                0x00000000000078ce                i2c_transmit_n
                0x00000000000078e2                __isr_16
                0x00000000000078e2                i2c_tx_interrupt
                0x000000000000796c                i2c_rx_interrupt
                0x000000000000796c                __isr_17
 .text          0x0000000000007984      0x100 contiki-z1.a(button-sensor.o)
                0x0000000000007a0e                irq_p2
                0x0000000000007a0e                __isr_19
 .text          0x0000000000007a84       0xb6 contiki-z1.a(compower.o)
                0x0000000000007a84                compower_accumulate
                0x0000000000007aee                compower_clear
                0x0000000000007b00                compower_init
                0x0000000000007b0a                compower_attrconv
                0x0000000000007b1a                compower_accumulate_attrs
 .text          0x0000000000007b3a      0x338 contiki-z1.a(chameleon-bitop)
                0x0000000000007b8a                get_bits
                0x0000000000007cd4                set_bits
 .text          0x0000000000007e72       0xb6 contiki-z1.a(mac-sequence.o)
                0x0000000000007e72                mac_sequence_is_duplicate
                0x0000000000007ec4                mac_sequence_register_seqno
 .text          0x0000000000007f28      0x1cc contiki-z1.a(framer-802154.o)
 .text          0x00000000000080f4      0x5f8 contiki-z1.a(frame802154.o)
                0x00000000000080f4                frame802154_get_pan_id
                0x00000000000080fa                frame802154_set_pan_id
                0x0000000000008100                frame802154_has_panid
                0x000000000000828a                frame802154_check_dest_panid
                0x00000000000082c6                frame802154_is_broadcast_addr
                0x00000000000082ea                frame802154_extract_linkaddr
                0x0000000000008376                frame802154_hdrlen
                0x00000000000083a8                frame802154_create_fcf
                0x0000000000008416                frame802154_create
                0x00000000000084ea                frame802154_parse_fcf
                0x0000000000008574                frame802154_parse
 .text          0x00000000000086ec        0x0 /usr/lib/gcc/msp430/4.6.3/mcpu-430x/mmpy-16/libgcc.a(_mulsi3.o)
 .text.libgcc   0x00000000000086ec       0x2a /usr/lib/gcc/msp430/4.6.3/mcpu-430x/mmpy-16/libgcc.a(_mulsi3.o)
                0x00000000000086ec                __mulsi3
 .text          0x0000000000008716        0x0 /usr/lib/gcc/msp430/4.6.3/mcpu-430x/mmpy-16/libgcc.a(_udivmod16.o)
 .text.libgcc   0x0000000000008716       0x22 /usr/lib/gcc/msp430/4.6.3/mcpu-430x/mmpy-16/libgcc.a(_udivmod16.o)
                0x0000000000008716                __udivhi3
                0x0000000000008716                __ext_udivmod16
                0x0000000000008730                __umodhi3
 .text          0x0000000000008738        0x0 /usr/lib/gcc/msp430/4.6.3/mcpu-430x/mmpy-16/libgcc.a(_divmod16.o)
 .text.libgcc   0x0000000000008738       0x3a /usr/lib/gcc/msp430/4.6.3/mcpu-430x/mmpy-16/libgcc.a(_divmod16.o)
                0x0000000000008738                __ext_divmod16
                0x0000000000008738                __divhi3
                0x000000000000876a                __modhi3
 .text          0x0000000000008772        0x0 /usr/lib/gcc/msp430/4.6.3/mcpu-430x/mmpy-16/libgcc.a(_udivmod32.o)
 .text.libgcc   0x0000000000008772       0x38 /usr/lib/gcc/msp430/4.6.3/mcpu-430x/mmpy-16/libgcc.a(_udivmod32.o)
                0x0000000000008772                __udivsi3
                0x0000000000008772                __ext_udivmod32
                0x00000000000087a0                __umodsi3
 .text          0x00000000000087aa       0x28 /usr/lib/gcc/msp430/4.6.3/../../../../msp430/lib/mcpu-430x/mmpy-16/libc.a(strncmp.o)
                0x00000000000087aa                strncmp
 .text          0x00000000000087d2       0x20 /usr/lib/gcc/msp430/4.6.3/../../../../msp430/lib/mcpu-430x/mmpy-16/libc.a(memcmp.o)
                0x00000000000087d2                memcmp
 .text          0x00000000000087f2       0xe4 /usr/lib/gcc/msp430/4.6.3/../../../../msp430/lib/mcpu-430x/mmpy-16/libc.a(memcpy.o)
                0x00000000000087f2                memcpy
 .text          0x00000000000088d6       0x5c /usr/lib/gcc/msp430/4.6.3/../../../../msp430/lib/mcpu-430x/mmpy-16/libc.a(memset.o)
                0x00000000000088d6                memset
 .text          0x0000000000008932       0x1e /usr/lib/gcc/msp430/4.6.3/../../../../msp430/lib/mcpu-430x/mmpy-16/libc.a(printf.o)
                0x0000000000008932                printf
                0x0000000000008942                vprintf
 .text          0x0000000000008950      0x818 /usr/lib/gcc/msp430/4.6.3/../../../../msp430/lib/mcpu-430x/mmpy-16/libc.a(vuprintf.o)
                0x0000000000008acc                vuprintf
 .text          0x0000000000009168       0x2c /usr/lib/gcc/msp430/4.6.3/../../../../msp430/lib/mcpu-430x/mmpy-16/libc.a(puts.o)
                0x0000000000009168                puts
 .text          0x0000000000009194       0x54 /usr/lib/gcc/msp430/4.6.3/../../../../msp430/lib/mcpu-430x/mmpy-16/libc.a(rand.o)
                0x0000000000009194                rand_r
                0x00000000000091b8                rand
                0x00000000000091de                srand
 .text          0x00000000000091e8        0x0 /usr/lib/gcc/msp430/4.6.3/mcpu-430x/mmpy-16/libgcc.a(_udivmod64.o)
 .text.libgcc   0x00000000000091e8       0xbc /usr/lib/gcc/msp430/4.6.3/mcpu-430x/mmpy-16/libgcc.a(_udivmod64.o)
                0x00000000000091e8                __xabi_udivmod64
                0x000000000000923a                __udivdi3
                0x0000000000009254                __umoddi3
                0x0000000000009276                __udivmoddi4
 .text          0x00000000000092a4        0x0 /usr/lib/gcc/msp430/4.6.3/mcpu-430x/mmpy-16/libcrt0.a(_reset_vector__.o)
 .text          0x00000000000092a4        0x0 /usr/lib/gcc/msp430/4.6.3/mcpu-430x/mmpy-16/libcrt0.a(__watchdog_support.o)
 .text          0x00000000000092a4        0x0 /usr/lib/gcc/msp430/4.6.3/mcpu-430x/mmpy-16/libcrt0.a(__init_stack.o)
 .text          0x00000000000092a4        0x0 /usr/lib/gcc/msp430/4.6.3/mcpu-430x/mmpy-16/libcrt0.a(__low_level_init.o)
 .text          0x00000000000092a4        0x0 /usr/lib/gcc/msp430/4.6.3/mcpu-430x/mmpy-16/libcrt0.a(_copy_data.o)
 .text          0x00000000000092a4        0x0 /usr/lib/gcc/msp430/4.6.3/mcpu-430x/mmpy-16/libcrt0.a(_clear_bss.o)
 .text          0x00000000000092a4        0x0 /usr/lib/gcc/msp430/4.6.3/mcpu-430x/mmpy-16/libcrt0.a(__stop_progExec__.o)
 .text          0x00000000000092a4        0x0 /usr/lib/gcc/msp430/4.6.3/mcpu-430x/mmpy-16/libcrt0.a(_endless_loop__.o)
 .text          0x00000000000092a4        0x0 /usr/lib/gcc/msp430/4.6.3/mcpu-430x/mmpy-16/libcrt0.a(_unexpected_.o)
 .text.crt0     0x00000000000092a4        0x2 /usr/lib/gcc/msp430/4.6.3/mcpu-430x/mmpy-16/libcrt0.a(_unexpected_.o)
                0x00000000000092a4                _unexpected_
                0x00000000000092a6                . = ALIGN (0x2)

.rodata         0x00000000000092a6      0x692
                0x00000000000092a6                . = ALIGN (0x2)
 *(.rodata .rodata.* .gnu.linkonce.r.*)
 .rodata        0x00000000000092a6       0xe2 Arbol_rssi.co
                0x0000000000009340                autostart_processes
 .rodata        0x0000000000009388      0x2aa obj_z1/Arbol_lib.o
 .rodata        0x0000000000009632       0x7e obj_z1/tree_n_ary.o
 .rodata        0x00000000000096b0       0xe3 obj_z1/contiki-z1-main.o
 .rodata        0x0000000000009793       0x2c contiki-z1.a(xmem.o)
 *fill*         0x00000000000097bf        0x1 00
 .rodata        0x00000000000097c0       0x70 contiki-z1.a(cc2420.o)
                0x00000000000097f2                cc2420_aes_128_driver
                0x00000000000097f6                cc2420_driver
 .rodata        0x0000000000009830        0x8 contiki-z1.a(sensors.o)
 .rodata        0x0000000000009838       0x2e contiki-z1.a(adxl345.o)
                0x0000000000009848                adxl345
 .rodata        0x0000000000009866       0x16 contiki-z1.a(tmp102.o)
                0x0000000000009874                tmp102
 .rodata        0x000000000000987c        0xc contiki-z1.a(etimer.o)
 .rodata        0x0000000000009888        0xf contiki-z1.a(ctimer.o)
 .rodata        0x0000000000009897        0xe contiki-z1.a(serial-line.o)
 *fill*         0x00000000000098a5        0x1 00
 .rodata        0x00000000000098a6        0xc contiki-z1.a(rime.o)
                0x00000000000098ac                rime_driver
 .rodata        0x00000000000098b2        0x4 contiki-z1.a(broadcast-annou)
 .rodata        0x00000000000098b6        0x8 contiki-z1.a(broadcast.o)
 .rodata        0x00000000000098be        0x2 contiki-z1.a(abc.o)
 .rodata        0x00000000000098c0        0x2 contiki-z1.a(linkaddr.o)
                0x00000000000098c0                linkaddr_null
 .rodata        0x00000000000098c2       0x14 contiki-z1.a(csma.o)
                0x00000000000098c8                csma_driver
 .rodata        0x00000000000098d6       0x1c contiki-z1.a(contikimac.o)
                0x00000000000098e2                contikimac_driver
 .rodata        0x00000000000098f2        0x6 contiki-z1.a(contikimac-fram)
                0x00000000000098f2                contikimac_framer
 .rodata        0x00000000000098f8       0x10 contiki-z1.a(nullsec.o)
                0x0000000000009900                nullsec_driver
 .rodata        0x0000000000009908       0x10 contiki-z1.a(button-sensor.o)
                0x0000000000009910                button_sensor
 .rodata        0x0000000000009918       0x10 contiki-z1.a(chameleon-bitop)
                0x0000000000009918                chameleon_bitopt
 .rodata        0x0000000000009928        0x6 contiki-z1.a(framer-802154.o)
                0x0000000000009928                framer_802154
 .rodata        0x000000000000992e        0x2 contiki-z1.a(frame802154.o)
 .rodata        0x0000000000009930        0x7 /usr/lib/gcc/msp430/4.6.3/../../../../msp430/lib/mcpu-430x/mmpy-16/libc.a(vuprintf.o)
                0x0000000000009938                . = ALIGN (0x2)
 *fill*         0x0000000000009937        0x1 00
                0x0000000000009938                _etext = .

.data           0x0000000000001100       0xca load address 0x0000000000009938
                0x0000000000001100                . = ALIGN (0x2)
                0x0000000000001100                PROVIDE (__data_start, .)
 *(.data .data.* .gnu.linkonce.d.*)
 .data          0x0000000000001100        0x0 /usr/lib/gcc/msp430/4.6.3/mcpu-430x/mmpy-16/crt0ivtbl32.o
 .data          0x0000000000001100       0x14 Arbol_rssi.co
                0x0000000000001100                select_parent
                0x000000000000110a                send_beacon
 .data          0x0000000000001114       0x20 obj_z1/Arbol_lib.o
 .data          0x0000000000001134        0x8 obj_z1/tree_n_ary.o
 .data          0x000000000000113c        0x0 obj_z1/contiki-z1-main.o
 .data          0x000000000000113c        0x0 contiki-z1.a(contiki-z1-plat)
 .data          0x000000000000113c        0x2 contiki-z1.a(msp430.o)
 .data          0x000000000000113e        0x0 contiki-z1.a(leds.o)
 .data          0x000000000000113e        0x0 contiki-z1.a(watchdog.o)
 .data          0x000000000000113e        0x0 contiki-z1.a(xmem.o)
 .data          0x000000000000113e        0x0 contiki-z1.a(spi.o)
 .data          0x000000000000113e        0xc contiki-z1.a(cc2420.o)
                0x000000000000113e                cc2420_process
 .data          0x000000000000114a        0x0 contiki-z1.a(cc2420-arch.o)
 .data          0x000000000000114a        0x0 contiki-z1.a(node-id.o)
 .data          0x000000000000114a        0xa contiki-z1.a(sensors.o)
                0x000000000000114a                sensors_process
 .data          0x0000000000001154        0x0 contiki-z1.a(uart0.o)
 .data          0x0000000000001154        0x0 contiki-z1.a(uart0-putchar.o)
 .data          0x0000000000001154        0x8 contiki-z1.a(z1-sensors.o)
                0x0000000000001154                sensors
 .data          0x000000000000115c       0x20 contiki-z1.a(adxl345.o)
                0x000000000000115c                accmeter_process
 .data          0x000000000000117c        0x0 contiki-z1.a(tmp102.o)
 .data          0x000000000000117c        0x0 contiki-z1.a(clock.o)
 .data          0x000000000000117c        0x0 contiki-z1.a(leds-arch.o)
 .data          0x000000000000117c        0x0 contiki-z1.a(rtimer-arch.o)
 .data          0x000000000000117c        0x0 contiki-z1.a(autostart.o)
 .data          0x000000000000117c        0x0 contiki-z1.a(energest.o)
 .data          0x000000000000117c        0xa contiki-z1.a(etimer.o)
                0x000000000000117c                etimer_process
 .data          0x0000000000001186        0xa contiki-z1.a(ctimer.o)
                0x0000000000001186                ctimer_process
 .data          0x0000000000001190        0x0 contiki-z1.a(process.o)
 .data          0x0000000000001190        0x0 contiki-z1.a(rtimer.o)
 .data          0x0000000000001190        0x0 contiki-z1.a(timer.o)
 .data          0x0000000000001190        0xa contiki-z1.a(serial-line.o)
                0x0000000000001190                serial_line_process
 .data          0x000000000000119a        0x0 contiki-z1.a(list.o)
 .data          0x000000000000119a        0x0 contiki-z1.a(memb.o)
 .data          0x000000000000119a        0x0 contiki-z1.a(random.o)
 .data          0x000000000000119a        0x0 contiki-z1.a(ringbuf.o)
 .data          0x000000000000119a        0x0 contiki-z1.a(rime.o)
 .data          0x000000000000119a        0x0 contiki-z1.a(broadcast-annou)
 .data          0x000000000000119a        0x0 contiki-z1.a(broadcast.o)
 .data          0x000000000000119a        0x0 contiki-z1.a(chameleon.o)
 .data          0x000000000000119a        0x0 contiki-z1.a(channel.o)
 .data          0x000000000000119a        0x0 contiki-z1.a(abc.o)
 .data          0x000000000000119a        0x0 contiki-z1.a(announcement.o)
 .data          0x000000000000119a       0x10 contiki-z1.a(queuebuf.o)
 .data          0x00000000000011aa        0x0 contiki-z1.a(packetbuf.o)
 .data          0x00000000000011aa        0x0 contiki-z1.a(linkaddr.o)
 .data          0x00000000000011aa       0x18 contiki-z1.a(csma.o)
 .data          0x00000000000011c2        0x0 contiki-z1.a(mac.o)
 .data          0x00000000000011c2        0x0 contiki-z1.a(contikimac.o)
 .data          0x00000000000011c2        0x0 contiki-z1.a(contikimac-fram)
 .data          0x00000000000011c2        0x0 contiki-z1.a(nullsec.o)
 .data          0x00000000000011c2        0x1 contiki-z1.a(i2cmaster.o)
                0x00000000000011c2                prescale_lsb
 .data          0x00000000000011c3        0x0 contiki-z1.a(button-sensor.o)
 .data          0x00000000000011c3        0x0 contiki-z1.a(compower.o)
 .data          0x00000000000011c3        0x0 contiki-z1.a(chameleon-bitop)
 .data          0x00000000000011c3        0x0 contiki-z1.a(mac-sequence.o)
 .data          0x00000000000011c3        0x0 contiki-z1.a(framer-802154.o)
 *fill*         0x00000000000011c3        0x1 00
 .data          0x00000000000011c4        0x2 contiki-z1.a(frame802154.o)
 .data          0x00000000000011c6        0x0 /usr/lib/gcc/msp430/4.6.3/mcpu-430x/mmpy-16/libgcc.a(_mulsi3.o)
 .data          0x00000000000011c6        0x0 /usr/lib/gcc/msp430/4.6.3/mcpu-430x/mmpy-16/libgcc.a(_udivmod16.o)
 .data          0x00000000000011c6        0x0 /usr/lib/gcc/msp430/4.6.3/mcpu-430x/mmpy-16/libgcc.a(_divmod16.o)
 .data          0x00000000000011c6        0x0 /usr/lib/gcc/msp430/4.6.3/mcpu-430x/mmpy-16/libgcc.a(_udivmod32.o)
 .data          0x00000000000011c6        0x0 /usr/lib/gcc/msp430/4.6.3/../../../../msp430/lib/mcpu-430x/mmpy-16/libc.a(strncmp.o)
 .data          0x00000000000011c6        0x0 /usr/lib/gcc/msp430/4.6.3/../../../../msp430/lib/mcpu-430x/mmpy-16/libc.a(memcmp.o)
 .data          0x00000000000011c6        0x0 /usr/lib/gcc/msp430/4.6.3/../../../../msp430/lib/mcpu-430x/mmpy-16/libc.a(memcpy.o)
 .data          0x00000000000011c6        0x0 /usr/lib/gcc/msp430/4.6.3/../../../../msp430/lib/mcpu-430x/mmpy-16/libc.a(memset.o)
 .data          0x00000000000011c6        0x0 /usr/lib/gcc/msp430/4.6.3/../../../../msp430/lib/mcpu-430x/mmpy-16/libc.a(printf.o)
 .data          0x00000000000011c6        0x0 /usr/lib/gcc/msp430/4.6.3/../../../../msp430/lib/mcpu-430x/mmpy-16/libc.a(vuprintf.o)
 .data          0x00000000000011c6        0x0 /usr/lib/gcc/msp430/4.6.3/../../../../msp430/lib/mcpu-430x/mmpy-16/libc.a(puts.o)
 .data          0x00000000000011c6        0x4 /usr/lib/gcc/msp430/4.6.3/../../../../msp430/lib/mcpu-430x/mmpy-16/libc.a(rand.o)
 .data          0x00000000000011ca        0x0 /usr/lib/gcc/msp430/4.6.3/mcpu-430x/mmpy-16/libgcc.a(_udivmod64.o)
 .data          0x00000000000011ca        0x0 /usr/lib/gcc/msp430/4.6.3/mcpu-430x/mmpy-16/libcrt0.a(_reset_vector__.o)
 .data          0x00000000000011ca        0x0 /usr/lib/gcc/msp430/4.6.3/mcpu-430x/mmpy-16/libcrt0.a(__watchdog_support.o)
 .data          0x00000000000011ca        0x0 /usr/lib/gcc/msp430/4.6.3/mcpu-430x/mmpy-16/libcrt0.a(__init_stack.o)
 .data          0x00000000000011ca        0x0 /usr/lib/gcc/msp430/4.6.3/mcpu-430x/mmpy-16/libcrt0.a(__low_level_init.o)
 .data          0x00000000000011ca        0x0 /usr/lib/gcc/msp430/4.6.3/mcpu-430x/mmpy-16/libcrt0.a(_copy_data.o)
 .data          0x00000000000011ca        0x0 /usr/lib/gcc/msp430/4.6.3/mcpu-430x/mmpy-16/libcrt0.a(_clear_bss.o)
 .data          0x00000000000011ca        0x0 /usr/lib/gcc/msp430/4.6.3/mcpu-430x/mmpy-16/libcrt0.a(__stop_progExec__.o)
 .data          0x00000000000011ca        0x0 /usr/lib/gcc/msp430/4.6.3/mcpu-430x/mmpy-16/libcrt0.a(_endless_loop__.o)
 .data          0x00000000000011ca        0x0 /usr/lib/gcc/msp430/4.6.3/mcpu-430x/mmpy-16/libcrt0.a(_unexpected_.o)
                0x00000000000011ca                . = ALIGN (0x2)
                0x00000000000011ca                _edata = .
                0x0000000000009938                PROVIDE (__data_load_start, LOADADDR (.data))
                0x00000000000000ca                PROVIDE (__data_size, SIZEOF (.data))

.bss            0x00000000000011ca     0x1a6e load address 0x0000000000009a02
                0x00000000000011ca                PROVIDE (__bss_start, .)
 *(.bss .bss.*)
 .bss           0x00000000000011ca        0x0 /usr/lib/gcc/msp430/4.6.3/mcpu-430x/mmpy-16/crt0ivtbl32.o
 .bss           0x00000000000011ca       0x1e Arbol_rssi.co
 .bss           0x00000000000011e8      0xdac obj_z1/Arbol_lib.o
 .bss           0x0000000000001f94      0x1c4 obj_z1/tree_n_ary.o
 .bss           0x0000000000002158        0x4 obj_z1/contiki-z1-main.o
 .bss           0x000000000000215c        0x0 contiki-z1.a(contiki-z1-plat)
 .bss           0x000000000000215c        0x0 contiki-z1.a(msp430.o)
 .bss           0x000000000000215c        0x1 contiki-z1.a(leds.o)
 *fill*         0x000000000000215d        0x1 00
 .bss           0x000000000000215e        0x2 contiki-z1.a(watchdog.o)
 .bss           0x0000000000002160        0x0 contiki-z1.a(xmem.o)
 .bss           0x0000000000002160        0x2 contiki-z1.a(spi.o)
                0x0000000000002160                spi_busy
 .bss           0x0000000000002162        0xa contiki-z1.a(cc2420.o)
 .bss           0x000000000000216c        0x0 contiki-z1.a(cc2420-arch.o)
 .bss           0x000000000000216c        0x2 contiki-z1.a(node-id.o)
                0x000000000000216c                node_id
 .bss           0x000000000000216e        0x6 contiki-z1.a(sensors.o)
 .bss           0x0000000000002174        0x4 contiki-z1.a(uart0.o)
 .bss           0x0000000000002178        0x0 contiki-z1.a(uart0-putchar.o)
 .bss           0x0000000000002178        0x0 contiki-z1.a(z1-sensors.o)
 .bss           0x0000000000002178       0x16 contiki-z1.a(adxl345.o)
 .bss           0x000000000000218e        0x1 contiki-z1.a(tmp102.o)
 *fill*         0x000000000000218f        0x1 00
 .bss           0x0000000000002190        0xa contiki-z1.a(clock.o)
 .bss           0x000000000000219a        0x0 contiki-z1.a(leds-arch.o)
 .bss           0x000000000000219a        0x0 contiki-z1.a(rtimer-arch.o)
 .bss           0x000000000000219a        0x0 contiki-z1.a(autostart.o)
 .bss           0x000000000000219a        0x0 contiki-z1.a(energest.o)
 .bss           0x000000000000219a        0x6 contiki-z1.a(etimer.o)
 .bss           0x00000000000021a0        0x4 contiki-z1.a(ctimer.o)
 .bss           0x00000000000021a4       0x38 contiki-z1.a(process.o)
                0x00000000000021a4                process_current
                0x00000000000021a6                process_list
 .bss           0x00000000000021dc        0x2 contiki-z1.a(rtimer.o)
 .bss           0x00000000000021de        0x0 contiki-z1.a(timer.o)
 .bss           0x00000000000021de      0x10a contiki-z1.a(serial-line.o)
 .bss           0x00000000000022e8        0x0 contiki-z1.a(list.o)
 .bss           0x00000000000022e8        0x0 contiki-z1.a(memb.o)
 .bss           0x00000000000022e8        0x0 contiki-z1.a(random.o)
 .bss           0x00000000000022e8        0x0 contiki-z1.a(ringbuf.o)
 .bss           0x00000000000022e8        0x2 contiki-z1.a(rime.o)
 .bss           0x00000000000022ea       0x46 contiki-z1.a(broadcast-annou)
 .bss           0x0000000000002330        0x0 contiki-z1.a(broadcast.o)
 .bss           0x0000000000002330        0x0 contiki-z1.a(chameleon.o)
 .bss           0x0000000000002330        0x2 contiki-z1.a(channel.o)
 .bss           0x0000000000002332        0x0 contiki-z1.a(abc.o)
 .bss           0x0000000000002332        0x6 contiki-z1.a(announcement.o)
 .bss           0x0000000000002338      0x620 contiki-z1.a(queuebuf.o)
 .bss           0x0000000000002958       0x86 contiki-z1.a(packetbuf.o)
 .bss           0x00000000000029de        0x0 contiki-z1.a(linkaddr.o)
 .bss           0x00000000000029de       0xb4 contiki-z1.a(csma.o)
 .bss           0x0000000000002a92        0x0 contiki-z1.a(mac.o)
 .bss           0x0000000000002a92       0x32 contiki-z1.a(contikimac.o)
 .bss           0x0000000000002ac4        0x0 contiki-z1.a(contikimac-fram)
 .bss           0x0000000000002ac4        0x0 contiki-z1.a(nullsec.o)
 .bss           0x0000000000002ac4        0x4 contiki-z1.a(i2cmaster.o)
                0x0000000000002ac4                prescale_msb
 .bss           0x0000000000002ac8        0x8 contiki-z1.a(button-sensor.o)
 .bss           0x0000000000002ad0        0x8 contiki-z1.a(compower.o)
 .bss           0x0000000000002ad8        0x0 contiki-z1.a(chameleon-bitop)
 .bss           0x0000000000002ad8       0x80 contiki-z1.a(mac-sequence.o)
 .bss           0x0000000000002b58        0x2 contiki-z1.a(framer-802154.o)
 .bss           0x0000000000002b5a        0x0 contiki-z1.a(frame802154.o)
 .bss           0x0000000000002b5a        0x0 /usr/lib/gcc/msp430/4.6.3/mcpu-430x/mmpy-16/libgcc.a(_mulsi3.o)
 .bss           0x0000000000002b5a        0x0 /usr/lib/gcc/msp430/4.6.3/mcpu-430x/mmpy-16/libgcc.a(_udivmod16.o)
 .bss           0x0000000000002b5a        0x0 /usr/lib/gcc/msp430/4.6.3/mcpu-430x/mmpy-16/libgcc.a(_divmod16.o)
 .bss           0x0000000000002b5a        0x0 /usr/lib/gcc/msp430/4.6.3/mcpu-430x/mmpy-16/libgcc.a(_udivmod32.o)
 .bss           0x0000000000002b5a        0x0 /usr/lib/gcc/msp430/4.6.3/../../../../msp430/lib/mcpu-430x/mmpy-16/libc.a(strncmp.o)
 .bss           0x0000000000002b5a        0x0 /usr/lib/gcc/msp430/4.6.3/../../../../msp430/lib/mcpu-430x/mmpy-16/libc.a(memcmp.o)
 .bss           0x0000000000002b5a        0x0 /usr/lib/gcc/msp430/4.6.3/../../../../msp430/lib/mcpu-430x/mmpy-16/libc.a(memcpy.o)
 .bss           0x0000000000002b5a        0x0 /usr/lib/gcc/msp430/4.6.3/../../../../msp430/lib/mcpu-430x/mmpy-16/libc.a(memset.o)
 .bss           0x0000000000002b5a        0x0 /usr/lib/gcc/msp430/4.6.3/../../../../msp430/lib/mcpu-430x/mmpy-16/libc.a(printf.o)
 .bss           0x0000000000002b5a        0x0 /usr/lib/gcc/msp430/4.6.3/../../../../msp430/lib/mcpu-430x/mmpy-16/libc.a(vuprintf.o)
 .bss           0x0000000000002b5a        0x0 /usr/lib/gcc/msp430/4.6.3/../../../../msp430/lib/mcpu-430x/mmpy-16/libc.a(puts.o)
 .bss           0x0000000000002b5a        0x0 /usr/lib/gcc/msp430/4.6.3/../../../../msp430/lib/mcpu-430x/mmpy-16/libc.a(rand.o)
 .bss           0x0000000000002b5a        0x0 /usr/lib/gcc/msp430/4.6.3/mcpu-430x/mmpy-16/libgcc.a(_udivmod64.o)
 .bss           0x0000000000002b5a        0x0 /usr/lib/gcc/msp430/4.6.3/mcpu-430x/mmpy-16/libcrt0.a(_reset_vector__.o)
 .bss           0x0000000000002b5a        0x0 /usr/lib/gcc/msp430/4.6.3/mcpu-430x/mmpy-16/libcrt0.a(__watchdog_support.o)
 .bss           0x0000000000002b5a        0x0 /usr/lib/gcc/msp430/4.6.3/mcpu-430x/mmpy-16/libcrt0.a(__init_stack.o)
 .bss           0x0000000000002b5a        0x0 /usr/lib/gcc/msp430/4.6.3/mcpu-430x/mmpy-16/libcrt0.a(__low_level_init.o)
 .bss           0x0000000000002b5a        0x0 /usr/lib/gcc/msp430/4.6.3/mcpu-430x/mmpy-16/libcrt0.a(_copy_data.o)
 .bss           0x0000000000002b5a        0x0 /usr/lib/gcc/msp430/4.6.3/mcpu-430x/mmpy-16/libcrt0.a(_clear_bss.o)
 .bss           0x0000000000002b5a        0x0 /usr/lib/gcc/msp430/4.6.3/mcpu-430x/mmpy-16/libcrt0.a(__stop_progExec__.o)
 .bss           0x0000000000002b5a        0x0 /usr/lib/gcc/msp430/4.6.3/mcpu-430x/mmpy-16/libcrt0.a(_endless_loop__.o)
 .bss           0x0000000000002b5a        0x0 /usr/lib/gcc/msp430/4.6.3/mcpu-430x/mmpy-16/libcrt0.a(_unexpected_.o)
 *(COMMON)
 COMMON         0x0000000000002b5a        0xa Arbol_rssi.co
                0x0000000000002b5a                b
                0x0000000000002b5e                n
                0x0000000000002b62                selected_parent
 COMMON         0x0000000000002b64        0x2 contiki-z1.a(msp430.o)
                0x0000000000002b64                msp430_dco_required
 COMMON         0x0000000000002b66       0x10 contiki-z1.a(cc2420.o)
                0x0000000000002b66                cc2420_last_rssi
                0x0000000000002b68                cc2420_sfd_start_time
                0x0000000000002b6a                cc2420_time_of_departure
                0x0000000000002b6c                cc2420_time_of_arrival
                0x0000000000002b6e                cc2420_last_correlation
                0x0000000000002b70                cc2420_authority_level_of_sender
                0x0000000000002b72                cc2420_sfd_counter
                0x0000000000002b74                cc2420_sfd_end_time
 COMMON         0x0000000000002b76        0x8 contiki-z1.a(node-id.o)
                0x0000000000002b76                node_mac
 COMMON         0x0000000000002b7e        0x1 contiki-z1.a(sensors.o)
                0x0000000000002b7e                sensors_event
 *fill*         0x0000000000002b7f        0x1 00
 COMMON         0x0000000000002b80        0x4 contiki-z1.a(z1-sensors.o)
                0x0000000000002b80                sensors_flags
 COMMON         0x0000000000002b84        0x4 contiki-z1.a(adxl345.o)
                0x0000000000002b84                accm_int2_cb
                0x0000000000002b86                accm_int1_cb
 COMMON         0x0000000000002b88       0x56 contiki-z1.a(energest.o)
                0x0000000000002b88                energest_total_time
                0x0000000000002bb8                energest_total_count
                0x0000000000002bba                energest_current_mode
                0x0000000000002bc6                energest_current_time
 COMMON         0x0000000000002bde        0x1 contiki-z1.a(process.o)
                0x0000000000002bde                process_maxevents
 COMMON         0x0000000000002bdf        0x1 contiki-z1.a(serial-line.o)
                0x0000000000002bdf                serial_line_event_message
 COMMON         0x0000000000002be0       0x3e contiki-z1.a(packetbuf.o)
                0x0000000000002be0                packetbuf_addrs
                0x0000000000002be8                packetbuf_attrs
 COMMON         0x0000000000002c1e        0x2 contiki-z1.a(linkaddr.o)
                0x0000000000002c1e                linkaddr_node_addr
 COMMON         0x0000000000002c20       0x10 contiki-z1.a(i2cmaster.o)
                0x0000000000002c20                transmit_data1
                0x0000000000002c21                rx_byte_ctr
                0x0000000000002c22                tx_buf_ptr
                0x0000000000002c24                tx_byte_ctr
                0x0000000000002c26                i
                0x0000000000002c28                receive_data
                0x0000000000002c2a                rx_buf
                0x0000000000002c2c                transmit_data2
                0x0000000000002c2e                rx_buf_ptr
 COMMON         0x0000000000002c30        0x8 contiki-z1.a(compower.o)
                0x0000000000002c30                compower_idle_activity
                0x0000000000002c38                . = ALIGN (0x2)
                0x0000000000002c38                PROVIDE (__bss_end, .)
                0x0000000000001a6e                PROVIDE (__bss_size, SIZEOF (.bss))

.noinit         0x0000000000002c38        0x2 load address 0x0000000000009a02
                0x0000000000002c38                PROVIDE (__noinit_start, .)
 *(.noinit .noinit.*)
 .noinit.crt0   0x0000000000002c38        0x2 /usr/lib/gcc/msp430/4.6.3/mcpu-430x/mmpy-16/libcrt0.a(__watchdog_support.o)
                0x0000000000002c38                __wdt_clear_value
                0x0000000000002c3a                . = ALIGN (0x2)
                0x0000000000002c3a                PROVIDE (__noinit_end, .)
                0x0000000000002c3a                . = ALIGN (0x2)
                0x0000000000002c3a                _end = .

.infomem        0x0000000000001000        0x0
 *(.infomem)
                0x0000000000001000                . = ALIGN (0x2)
 *(.infomem.*)

.infomemnobits  0x0000000000001000        0x0
 *(.infomemnobits)
                0x0000000000001000                . = ALIGN (0x2)
 *(.infomemnobits.*)

.infoa
 *(.infoa .infoa.*)

.infob
 *(.infob .infob.*)

.infoc
 *(.infoc .infoc.*)

.infod
 *(.infod .infod.*)

.vectors        0x000000000000ffc0       0x40
                0x000000000000ffc0                PROVIDE (__vectors_start, .)
 *(.vectors*)
 .vectors       0x000000000000ffc0       0x40 /usr/lib/gcc/msp430/4.6.3/mcpu-430x/mmpy-16/crt0ivtbl32.o
                0x000000000000ffc0                __ivtbl_32
                0x0000000000010000                _vectors_end = .

.fartext        0x0000000000010000        0x0
                0x0000000000010000                . = ALIGN (0x2)
 *(.fartext)
                0x0000000000010000                . = ALIGN (0x2)
 *(.fartext.*)
                0x0000000000010000                _efartext = .

.profiler
 *(.profiler)

.stab           0x0000000000000000    0x1d6f4
 *(.stab)
 .stab          0x0000000000000000     0x1548 Arbol_rssi.co
 .stab          0x0000000000001548     0x126c obj_z1/Arbol_lib.o
                                       0x201c (size before relaxing)
 .stab          0x00000000000027b4      0xf84 obj_z1/tree_n_ary.o
                                       0x1a58 (size before relaxing)
 .stab          0x0000000000003738      0xf30 obj_z1/contiki-z1-main.o
                                       0x17e8 (size before relaxing)
 .stab          0x0000000000004668      0x240 contiki-z1.a(contiki-z1-plat)
                                        0x5a0 (size before relaxing)
 .stab          0x00000000000048a8      0x588 contiki-z1.a(msp430.o)
                                        0x8dc (size before relaxing)
 .stab          0x0000000000004e30      0x5dc contiki-z1.a(leds.o)
                                        0x828 (size before relaxing)
 .stab          0x000000000000540c      0x3fc contiki-z1.a(watchdog.o)
                                        0x750 (size before relaxing)
 .stab          0x0000000000005808      0x9fc contiki-z1.a(xmem.o)
                                        0xf3c (size before relaxing)
 .stab          0x0000000000006204      0x288 contiki-z1.a(spi.o)
                                        0x5dc (size before relaxing)
 .stab          0x000000000000648c     0x2904 contiki-z1.a(cc2420.o)
                                       0x3030 (size before relaxing)
 .stab          0x0000000000008d90      0x9e4 contiki-z1.a(cc2420-arch.o)
                                       0x1374 (size before relaxing)
 .stab          0x0000000000009774      0x300 contiki-z1.a(node-id.o)
                                        0x6d8 (size before relaxing)
 .stab          0x0000000000009a74      0x654 contiki-z1.a(sensors.o)
                                        0xb70 (size before relaxing)
 .stab          0x000000000000a0c8      0x504 contiki-z1.a(uart0.o)
                                        0xa38 (size before relaxing)
 .stab          0x000000000000a5cc      0x234 contiki-z1.a(uart0-putchar.o)
                                        0x588 (size before relaxing)
 .stab          0x000000000000a800      0x3a8 contiki-z1.a(z1-sensors.o)
                                        0x78c (size before relaxing)
 .stab          0x000000000000aba8      0xd2c contiki-z1.a(adxl345.o)
                                       0x135c (size before relaxing)
 .stab          0x000000000000b8d4      0x81c contiki-z1.a(tmp102.o)
                                        0xd74 (size before relaxing)
 .stab          0x000000000000c0f0      0x948 contiki-z1.a(clock.o)
                                        0xc9c (size before relaxing)
 .stab          0x000000000000ca38      0x3a8 contiki-z1.a(leds-arch.o)
                                        0x6fc (size before relaxing)
 .stab          0x000000000000cde0      0x3cc contiki-z1.a(rtimer-arch.o)
                                        0x720 (size before relaxing)
 .stab          0x000000000000d1ac      0x294 contiki-z1.a(autostart.o)
                                        0x534 (size before relaxing)
 .stab          0x000000000000d440      0x474 contiki-z1.a(energest.o)
                                        0x6fc (size before relaxing)
 .stab          0x000000000000d8b4      0xabc contiki-z1.a(etimer.o)
                                        0xd8c (size before relaxing)
 .stab          0x000000000000e370      0x858 contiki-z1.a(ctimer.o)
                                        0xbc4 (size before relaxing)
 .stab          0x000000000000ebc8      0xba0 contiki-z1.a(process.o)
                                       0x1038 (size before relaxing)
 .stab          0x000000000000f768      0x3c0 contiki-z1.a(rtimer.o)
                                        0x6c0 (size before relaxing)
 .stab          0x000000000000fb28      0x354 contiki-z1.a(timer.o)
                                        0x594 (size before relaxing)
 .stab          0x000000000000fe7c      0x534 contiki-z1.a(serial-line.o)
                                        0xa50 (size before relaxing)
 .stab          0x00000000000103b0      0x7f8 contiki-z1.a(list.o)
                                        0x804 (size before relaxing)
 .stab          0x0000000000010ba8      0x5c4 contiki-z1.a(memb.o)
                                        0xaf8 (size before relaxing)
 .stab          0x000000000001116c      0x228 contiki-z1.a(random.o)
                                        0x624 (size before relaxing)
 .stab          0x0000000000011394      0x3fc contiki-z1.a(ringbuf.o)
                                        0x63c (size before relaxing)
 .stab          0x0000000000011790      0xbc4 contiki-z1.a(rime.o)
                                       0x1410 (size before relaxing)
 .stab          0x0000000000012354      0x948 contiki-z1.a(broadcast-annou)
                                       0x15c0 (size before relaxing)
 .stab          0x0000000000012c9c      0x6d8 contiki-z1.a(broadcast.o)
                                       0x1500 (size before relaxing)
 .stab          0x0000000000013374      0x5e8 contiki-z1.a(chameleon.o)
                                       0x123c (size before relaxing)
 .stab          0x000000000001395c      0x624 contiki-z1.a(channel.o)
                                       0x129c (size before relaxing)
 .stab          0x0000000000013f80      0x66c contiki-z1.a(abc.o)
                                       0x1494 (size before relaxing)
 .stab          0x00000000000145ec      0x6e4 contiki-z1.a(announcement.o)
                                        0x984 (size before relaxing)
 .stab          0x0000000000014cd0      0xa5c contiki-z1.a(queuebuf.o)
                                       0x1884 (size before relaxing)
 .stab          0x000000000001572c      0xc60 contiki-z1.a(packetbuf.o)
                                       0x1aa0 (size before relaxing)
 .stab          0x000000000001638c      0x2c4 contiki-z1.a(linkaddr.o)
                                        0x6c0 (size before relaxing)
 .stab          0x0000000000016650      0xcf0 contiki-z1.a(csma.o)
                                       0x1680 (size before relaxing)
 .stab          0x0000000000017340      0x1f8 contiki-z1.a(mac.o)
                                        0x4ec (size before relaxing)
 .stab          0x0000000000017538     0x1728 contiki-z1.a(contikimac.o)
                                       0x22ec (size before relaxing)
 .stab          0x0000000000018c60      0x81c contiki-z1.a(contikimac-fram)
                                        0xe58 (size before relaxing)
 .stab          0x000000000001947c      0x3c0 contiki-z1.a(nullsec.o)
                                        0xcf0 (size before relaxing)
 .stab          0x000000000001983c      0x894 contiki-z1.a(i2cmaster.o)
                                        0xbe8 (size before relaxing)
 .stab          0x000000000001a0d0      0x468 contiki-z1.a(button-sensor.o)
                                        0x7d4 (size before relaxing)
 .stab          0x000000000001a538      0x51c contiki-z1.a(compower.o)
                                        0xd20 (size before relaxing)
 .stab          0x000000000001aa54      0xd8c contiki-z1.a(chameleon-bitop)
                                       0x1a04 (size before relaxing)
 .stab          0x000000000001b7e0      0x648 contiki-z1.a(mac-sequence.o)
                                       0x1488 (size before relaxing)
 .stab          0x000000000001be28      0x6f0 contiki-z1.a(framer-802154.o)
                                        0xf30 (size before relaxing)
 .stab          0x000000000001c518     0x11dc contiki-z1.a(frame802154.o)
                                       0x19c8 (size before relaxing)

.stabstr        0x0000000000000000    0x16e5e
 *(.stabstr)
 .stabstr       0x0000000000000000    0x16e5e Arbol_rssi.co

.stab.excl
 *(.stab.excl)

.stab.exclstr
 *(.stab.exclstr)

.stab.index
 *(.stab.index)

.stab.indexstr
 *(.stab.indexstr)

.comment
 *(.comment)

.debug
 *(.debug)

.line
 *(.line)

.debug_srcinfo
 *(.debug_srcinfo)

.debug_sfnames
 *(.debug_sfnames)

.debug_aranges  0x0000000000000000      0x17c
 *(.debug_aranges)
 .debug_aranges
                0x0000000000000000       0x14 /usr/lib/gcc/msp430/4.6.3/mcpu-430x/mmpy-16/libgcc.a(_mulsi3.o)
 .debug_aranges
                0x0000000000000014       0x14 /usr/lib/gcc/msp430/4.6.3/mcpu-430x/mmpy-16/libgcc.a(_udivmod16.o)
 .debug_aranges
                0x0000000000000028       0x14 /usr/lib/gcc/msp430/4.6.3/mcpu-430x/mmpy-16/libgcc.a(_divmod16.o)
 .debug_aranges
                0x000000000000003c       0x14 /usr/lib/gcc/msp430/4.6.3/mcpu-430x/mmpy-16/libgcc.a(_udivmod32.o)
 .debug_aranges
                0x0000000000000050       0x14 /usr/lib/gcc/msp430/4.6.3/../../../../msp430/lib/mcpu-430x/mmpy-16/libc.a(strncmp.o)
 .debug_aranges
                0x0000000000000064       0x14 /usr/lib/gcc/msp430/4.6.3/../../../../msp430/lib/mcpu-430x/mmpy-16/libc.a(memcmp.o)
 .debug_aranges
                0x0000000000000078       0x14 /usr/lib/gcc/msp430/4.6.3/../../../../msp430/lib/mcpu-430x/mmpy-16/libc.a(memcpy.o)
 .debug_aranges
                0x000000000000008c       0x14 /usr/lib/gcc/msp430/4.6.3/../../../../msp430/lib/mcpu-430x/mmpy-16/libc.a(memset.o)
 .debug_aranges
                0x00000000000000a0       0x14 /usr/lib/gcc/msp430/4.6.3/../../../../msp430/lib/mcpu-430x/mmpy-16/libc.a(printf.o)
 .debug_aranges
                0x00000000000000b4       0x14 /usr/lib/gcc/msp430/4.6.3/../../../../msp430/lib/mcpu-430x/mmpy-16/libc.a(vuprintf.o)
 .debug_aranges
                0x00000000000000c8       0x14 /usr/lib/gcc/msp430/4.6.3/../../../../msp430/lib/mcpu-430x/mmpy-16/libc.a(puts.o)
 .debug_aranges
                0x00000000000000dc       0x14 /usr/lib/gcc/msp430/4.6.3/../../../../msp430/lib/mcpu-430x/mmpy-16/libc.a(rand.o)
 .debug_aranges
                0x00000000000000f0       0x14 /usr/lib/gcc/msp430/4.6.3/mcpu-430x/mmpy-16/libgcc.a(_udivmod64.o)
 .debug_aranges
                0x0000000000000104       0x14 /usr/lib/gcc/msp430/4.6.3/mcpu-430x/mmpy-16/libcrt0.a(__watchdog_support.o)
 .debug_aranges
                0x0000000000000118       0x14 /usr/lib/gcc/msp430/4.6.3/mcpu-430x/mmpy-16/libcrt0.a(__init_stack.o)
 .debug_aranges
                0x000000000000012c       0x14 /usr/lib/gcc/msp430/4.6.3/mcpu-430x/mmpy-16/libcrt0.a(_copy_data.o)
 .debug_aranges
                0x0000000000000140       0x14 /usr/lib/gcc/msp430/4.6.3/mcpu-430x/mmpy-16/libcrt0.a(_clear_bss.o)
 .debug_aranges
                0x0000000000000154       0x14 /usr/lib/gcc/msp430/4.6.3/mcpu-430x/mmpy-16/libcrt0.a(_endless_loop__.o)
 .debug_aranges
                0x0000000000000168       0x14 /usr/lib/gcc/msp430/4.6.3/mcpu-430x/mmpy-16/libcrt0.a(_unexpected_.o)

.debug_pubnames
 *(.debug_pubnames)

.debug_info     0x0000000000000000     0x1593
 *(.debug_info)
 .debug_info    0x0000000000000000       0xf6 /usr/lib/gcc/msp430/4.6.3/mcpu-430x/mmpy-16/libgcc.a(_mulsi3.o)
 .debug_info    0x00000000000000f6       0xf6 /usr/lib/gcc/msp430/4.6.3/mcpu-430x/mmpy-16/libgcc.a(_udivmod16.o)
 .debug_info    0x00000000000001ec       0xf6 /usr/lib/gcc/msp430/4.6.3/mcpu-430x/mmpy-16/libgcc.a(_divmod16.o)
 .debug_info    0x00000000000002e2       0xf6 /usr/lib/gcc/msp430/4.6.3/mcpu-430x/mmpy-16/libgcc.a(_udivmod32.o)
 .debug_info    0x00000000000003d8       0xbb /usr/lib/gcc/msp430/4.6.3/../../../../msp430/lib/mcpu-430x/mmpy-16/libc.a(strncmp.o)
 .debug_info    0x0000000000000493       0xe8 /usr/lib/gcc/msp430/4.6.3/../../../../msp430/lib/mcpu-430x/mmpy-16/libc.a(memcmp.o)
 .debug_info    0x000000000000057b      0x111 /usr/lib/gcc/msp430/4.6.3/../../../../msp430/lib/mcpu-430x/mmpy-16/libc.a(memcpy.o)
 .debug_info    0x000000000000068c       0xfe /usr/lib/gcc/msp430/4.6.3/../../../../msp430/lib/mcpu-430x/mmpy-16/libc.a(memset.o)
 .debug_info    0x000000000000078a      0x105 /usr/lib/gcc/msp430/4.6.3/../../../../msp430/lib/mcpu-430x/mmpy-16/libc.a(printf.o)
 .debug_info    0x000000000000088f      0x565 /usr/lib/gcc/msp430/4.6.3/../../../../msp430/lib/mcpu-430x/mmpy-16/libc.a(vuprintf.o)
 .debug_info    0x0000000000000df4       0x96 /usr/lib/gcc/msp430/4.6.3/../../../../msp430/lib/mcpu-430x/mmpy-16/libc.a(puts.o)
 .debug_info    0x0000000000000e8a      0x13f /usr/lib/gcc/msp430/4.6.3/../../../../msp430/lib/mcpu-430x/mmpy-16/libc.a(rand.o)
 .debug_info    0x0000000000000fc9       0xf6 /usr/lib/gcc/msp430/4.6.3/mcpu-430x/mmpy-16/libgcc.a(_udivmod64.o)
 .debug_info    0x00000000000010bf       0xce /usr/lib/gcc/msp430/4.6.3/mcpu-430x/mmpy-16/libcrt0.a(__watchdog_support.o)
 .debug_info    0x000000000000118d       0xce /usr/lib/gcc/msp430/4.6.3/mcpu-430x/mmpy-16/libcrt0.a(__init_stack.o)
 .debug_info    0x000000000000125b       0xce /usr/lib/gcc/msp430/4.6.3/mcpu-430x/mmpy-16/libcrt0.a(_copy_data.o)
 .debug_info    0x0000000000001329       0xce /usr/lib/gcc/msp430/4.6.3/mcpu-430x/mmpy-16/libcrt0.a(_clear_bss.o)
 .debug_info    0x00000000000013f7       0xce /usr/lib/gcc/msp430/4.6.3/mcpu-430x/mmpy-16/libcrt0.a(_endless_loop__.o)
 .debug_info    0x00000000000014c5       0xce /usr/lib/gcc/msp430/4.6.3/mcpu-430x/mmpy-16/libcrt0.a(_unexpected_.o)
 *(.gnu.linkonce.wi.*)

.debug_abbrev   0x0000000000000000      0x744
 *(.debug_abbrev)
 .debug_abbrev  0x0000000000000000       0x14 /usr/lib/gcc/msp430/4.6.3/mcpu-430x/mmpy-16/libgcc.a(_mulsi3.o)
 .debug_abbrev  0x0000000000000014       0x14 /usr/lib/gcc/msp430/4.6.3/mcpu-430x/mmpy-16/libgcc.a(_udivmod16.o)
 .debug_abbrev  0x0000000000000028       0x14 /usr/lib/gcc/msp430/4.6.3/mcpu-430x/mmpy-16/libgcc.a(_divmod16.o)
 .debug_abbrev  0x000000000000003c       0x14 /usr/lib/gcc/msp430/4.6.3/mcpu-430x/mmpy-16/libgcc.a(_udivmod32.o)
 .debug_abbrev  0x0000000000000050       0x7c /usr/lib/gcc/msp430/4.6.3/../../../../msp430/lib/mcpu-430x/mmpy-16/libc.a(strncmp.o)
 .debug_abbrev  0x00000000000000cc       0x9b /usr/lib/gcc/msp430/4.6.3/../../../../msp430/lib/mcpu-430x/mmpy-16/libc.a(memcmp.o)
 .debug_abbrev  0x0000000000000167       0xa6 /usr/lib/gcc/msp430/4.6.3/../../../../msp430/lib/mcpu-430x/mmpy-16/libc.a(memcpy.o)
 .debug_abbrev  0x000000000000020d       0x9c /usr/lib/gcc/msp430/4.6.3/../../../../msp430/lib/mcpu-430x/mmpy-16/libc.a(memset.o)
 .debug_abbrev  0x00000000000002a9       0xd0 /usr/lib/gcc/msp430/4.6.3/../../../../msp430/lib/mcpu-430x/mmpy-16/libc.a(printf.o)
 .debug_abbrev  0x0000000000000379      0x1ef /usr/lib/gcc/msp430/4.6.3/../../../../msp430/lib/mcpu-430x/mmpy-16/libc.a(vuprintf.o)
 .debug_abbrev  0x0000000000000568       0x60 /usr/lib/gcc/msp430/4.6.3/../../../../msp430/lib/mcpu-430x/mmpy-16/libc.a(puts.o)
 .debug_abbrev  0x00000000000005c8       0xf0 /usr/lib/gcc/msp430/4.6.3/../../../../msp430/lib/mcpu-430x/mmpy-16/libc.a(rand.o)
 .debug_abbrev  0x00000000000006b8       0x14 /usr/lib/gcc/msp430/4.6.3/mcpu-430x/mmpy-16/libgcc.a(_udivmod64.o)
 .debug_abbrev  0x00000000000006cc       0x14 /usr/lib/gcc/msp430/4.6.3/mcpu-430x/mmpy-16/libcrt0.a(__watchdog_support.o)
 .debug_abbrev  0x00000000000006e0       0x14 /usr/lib/gcc/msp430/4.6.3/mcpu-430x/mmpy-16/libcrt0.a(__init_stack.o)
 .debug_abbrev  0x00000000000006f4       0x14 /usr/lib/gcc/msp430/4.6.3/mcpu-430x/mmpy-16/libcrt0.a(_copy_data.o)
 .debug_abbrev  0x0000000000000708       0x14 /usr/lib/gcc/msp430/4.6.3/mcpu-430x/mmpy-16/libcrt0.a(_clear_bss.o)
 .debug_abbrev  0x000000000000071c       0x14 /usr/lib/gcc/msp430/4.6.3/mcpu-430x/mmpy-16/libcrt0.a(_endless_loop__.o)
 .debug_abbrev  0x0000000000000730       0x14 /usr/lib/gcc/msp430/4.6.3/mcpu-430x/mmpy-16/libcrt0.a(_unexpected_.o)

.debug_line     0x0000000000000000      0xd6a
 *(.debug_line)
 .debug_line    0x0000000000000000       0xad /usr/lib/gcc/msp430/4.6.3/mcpu-430x/mmpy-16/libgcc.a(_mulsi3.o)
 .debug_line    0x00000000000000ad       0xa7 /usr/lib/gcc/msp430/4.6.3/mcpu-430x/mmpy-16/libgcc.a(_udivmod16.o)
 .debug_line    0x0000000000000154       0xb2 /usr/lib/gcc/msp430/4.6.3/mcpu-430x/mmpy-16/libgcc.a(_divmod16.o)
 .debug_line    0x0000000000000206       0xb2 /usr/lib/gcc/msp430/4.6.3/mcpu-430x/mmpy-16/libgcc.a(_udivmod32.o)
 .debug_line    0x00000000000002b8       0x75 /usr/lib/gcc/msp430/4.6.3/../../../../msp430/lib/mcpu-430x/mmpy-16/libc.a(strncmp.o)
 .debug_line    0x000000000000032d       0x73 /usr/lib/gcc/msp430/4.6.3/../../../../msp430/lib/mcpu-430x/mmpy-16/libc.a(memcmp.o)
 .debug_line    0x00000000000003a0       0xe9 /usr/lib/gcc/msp430/4.6.3/../../../../msp430/lib/mcpu-430x/mmpy-16/libc.a(memcpy.o)
 .debug_line    0x0000000000000489       0xc8 /usr/lib/gcc/msp430/4.6.3/../../../../msp430/lib/mcpu-430x/mmpy-16/libc.a(memset.o)
 .debug_line    0x0000000000000551       0x72 /usr/lib/gcc/msp430/4.6.3/../../../../msp430/lib/mcpu-430x/mmpy-16/libc.a(printf.o)
 .debug_line    0x00000000000005c3      0x2ce /usr/lib/gcc/msp430/4.6.3/../../../../msp430/lib/mcpu-430x/mmpy-16/libc.a(vuprintf.o)
 .debug_line    0x0000000000000891       0x4d /usr/lib/gcc/msp430/4.6.3/../../../../msp430/lib/mcpu-430x/mmpy-16/libc.a(puts.o)
 .debug_line    0x00000000000008de       0x4f /usr/lib/gcc/msp430/4.6.3/../../../../msp430/lib/mcpu-430x/mmpy-16/libc.a(rand.o)
 .debug_line    0x000000000000092d       0xe0 /usr/lib/gcc/msp430/4.6.3/mcpu-430x/mmpy-16/libgcc.a(_udivmod64.o)
 .debug_line    0x0000000000000a0d       0x8f /usr/lib/gcc/msp430/4.6.3/mcpu-430x/mmpy-16/libcrt0.a(__watchdog_support.o)
 .debug_line    0x0000000000000a9c       0x8d /usr/lib/gcc/msp430/4.6.3/mcpu-430x/mmpy-16/libcrt0.a(__init_stack.o)
 .debug_line    0x0000000000000b29       0x93 /usr/lib/gcc/msp430/4.6.3/mcpu-430x/mmpy-16/libcrt0.a(_copy_data.o)
 .debug_line    0x0000000000000bbc       0x93 /usr/lib/gcc/msp430/4.6.3/mcpu-430x/mmpy-16/libcrt0.a(_clear_bss.o)
 .debug_line    0x0000000000000c4f       0x8e /usr/lib/gcc/msp430/4.6.3/mcpu-430x/mmpy-16/libcrt0.a(_endless_loop__.o)
 .debug_line    0x0000000000000cdd       0x8d /usr/lib/gcc/msp430/4.6.3/mcpu-430x/mmpy-16/libcrt0.a(_unexpected_.o)

.debug_frame    0x0000000000000000      0x1ac
 *(.debug_frame)
 .debug_frame   0x0000000000000000       0x24 /usr/lib/gcc/msp430/4.6.3/../../../../msp430/lib/mcpu-430x/mmpy-16/libc.a(strncmp.o)
 .debug_frame   0x0000000000000024       0x24 /usr/lib/gcc/msp430/4.6.3/../../../../msp430/lib/mcpu-430x/mmpy-16/libc.a(memcmp.o)
 .debug_frame   0x0000000000000048       0x2c /usr/lib/gcc/msp430/4.6.3/../../../../msp430/lib/mcpu-430x/mmpy-16/libc.a(memcpy.o)
 .debug_frame   0x0000000000000074       0x2a /usr/lib/gcc/msp430/4.6.3/../../../../msp430/lib/mcpu-430x/mmpy-16/libc.a(memset.o)
 .debug_frame   0x000000000000009e       0x2a /usr/lib/gcc/msp430/4.6.3/../../../../msp430/lib/mcpu-430x/mmpy-16/libc.a(printf.o)
 .debug_frame   0x00000000000000c8       0x84 /usr/lib/gcc/msp430/4.6.3/../../../../msp430/lib/mcpu-430x/mmpy-16/libc.a(vuprintf.o)
 .debug_frame   0x000000000000014c       0x24 /usr/lib/gcc/msp430/4.6.3/../../../../msp430/lib/mcpu-430x/mmpy-16/libc.a(puts.o)
 .debug_frame   0x0000000000000170       0x3c /usr/lib/gcc/msp430/4.6.3/../../../../msp430/lib/mcpu-430x/mmpy-16/libc.a(rand.o)

.debug_str      0x0000000000000000      0x3e8
 *(.debug_str)
 .debug_str     0x0000000000000000       0xd0 /usr/lib/gcc/msp430/4.6.3/../../../../msp430/lib/mcpu-430x/mmpy-16/libc.a(strncmp.o)
                                        0x109 (size before relaxing)
 .debug_str     0x00000000000000d0       0x19 /usr/lib/gcc/msp430/4.6.3/../../../../msp430/lib/mcpu-430x/mmpy-16/libc.a(memcmp.o)
                                        0x107 (size before relaxing)
 .debug_str     0x00000000000000e9       0x34 /usr/lib/gcc/msp430/4.6.3/../../../../msp430/lib/mcpu-430x/mmpy-16/libc.a(memcpy.o)
                                        0x122 (size before relaxing)
 .debug_str     0x000000000000011d       0x26 /usr/lib/gcc/msp430/4.6.3/../../../../msp430/lib/mcpu-430x/mmpy-16/libc.a(memset.o)
                                        0x120 (size before relaxing)
 .debug_str     0x0000000000000143       0x40 /usr/lib/gcc/msp430/4.6.3/../../../../msp430/lib/mcpu-430x/mmpy-16/libc.a(printf.o)
                                        0x136 (size before relaxing)
 .debug_str     0x0000000000000183      0x221 /usr/lib/gcc/msp430/4.6.3/../../../../msp430/lib/mcpu-430x/mmpy-16/libc.a(vuprintf.o)
                                        0x381 (size before relaxing)
 .debug_str     0x00000000000003a4       0x15 /usr/lib/gcc/msp430/4.6.3/../../../../msp430/lib/mcpu-430x/mmpy-16/libc.a(puts.o)
                                         0xfc (size before relaxing)
 .debug_str     0x00000000000003b9       0x2f /usr/lib/gcc/msp430/4.6.3/../../../../msp430/lib/mcpu-430x/mmpy-16/libc.a(rand.o)
                                        0x11b (size before relaxing)

.debug_loc      0x0000000000000000      0xa34
 *(.debug_loc)
 .debug_loc     0x0000000000000000       0x38 /usr/lib/gcc/msp430/4.6.3/../../../../msp430/lib/mcpu-430x/mmpy-16/libc.a(strncmp.o)
 .debug_loc     0x0000000000000038       0x5e /usr/lib/gcc/msp430/4.6.3/../../../../msp430/lib/mcpu-430x/mmpy-16/libc.a(memcmp.o)